Component: ARM Compiler 5.06 update 6 (build 750) Tool: armlink [4d35ed]

==============================================================================

Section Cross References

    system_stm32f4xx.o(.text) refers to system_stm32f4xx.o(.data) for SystemCoreClock
    startup_stm32f4xx.o(RESET) refers to startup_stm32f4xx.o(STACK) for __initial_sp
    startup_stm32f4xx.o(RESET) refers to startup_stm32f4xx.o(.text) for Reset_Handler
    startup_stm32f4xx.o(RESET) refers to stm32f4xx_it.o(.text) for NMI_Handler
    startup_stm32f4xx.o(RESET) refers to timer.o(.text) for TIM3_IRQHandler
    startup_stm32f4xx.o(RESET) refers to usart.o(.text) for USART1_IRQHandler
    startup_stm32f4xx.o(.text) refers to system_stm32f4xx.o(.text) for SystemInit
    startup_stm32f4xx.o(.text) refers to entry.o(.ARM.Collect$$$$00000000) for __main
    main.o(.text) refers to led.o(.text) for SystemInitUser
    main.o(.text) refers to usart.o(.text) for DataInter_AHRS
    main.o(.text) refers to motor.o(.text) for Motion_Control
    main.o(.text) refers to main.o(.data) for AUV_State
    stm32f4xx_gpio.o(.text) refers to stm32f4xx_rcc.o(.text) for RCC_AHB1PeriphResetCmd
    stm32f4xx_pwr.o(.text) refers to stm32f4xx_rcc.o(.text) for RCC_APB1PeriphResetCmd
    stm32f4xx_rcc.o(.text) refers to stm32f4xx_rcc.o(.data) for APBAHBPrescTable
    stm32f4xx_syscfg.o(.text) refers to stm32f4xx_rcc.o(.text) for RCC_APB2PeriphResetCmd
    stm32f4xx_tim.o(.text) refers to stm32f4xx_rcc.o(.text) for RCC_APB2PeriphResetCmd
    stm32f4xx_usart.o(.text) refers to stm32f4xx_rcc.o(.text) for RCC_APB2PeriphResetCmd
    stm32f4xx_wwdg.o(.text) refers to stm32f4xx_rcc.o(.text) for RCC_APB1PeriphResetCmd
    stm32f4xx_adc.o(.text) refers to stm32f4xx_rcc.o(.text) for RCC_APB2PeriphResetCmd
    led.o(.text) refers to misc.o(.text) for NVIC_Init
    led.o(.text) refers to stm32f4xx_rcc.o(.text) for RCC_AHB1PeriphClockCmd
    led.o(.text) refers to stm32f4xx_gpio.o(.text) for GPIO_Init
    led.o(.text) refers to system_stm32f4xx.o(.text) for SystemInit
    led.o(.text) refers to usart.o(.text) for Sci_Init
    led.o(.text) refers to adc.o(.text) for USER_ADC_Init
    led.o(.text) refers to timer.o(.text) for EPwm_Init
    led.o(.text) refers to common.o(.text) for Para_Init
    led.o(.text) refers to imu_data_decode.o(.text) for imu_data_decode_init
    test.o(.text) refers to printfb.o(i.__0printf$bare) for __2printf
    test.o(.text) refers to stm32f4xx_usart.o(.text) for USART_GetFlagStatus
    test.o(.text) refers to timer.o(.text) for EPwmSetup1
    test.o(.text) refers to led.o(.text) for Led_Driver
    timer.o(.text) refers to stm32f4xx_rcc.o(.text) for RCC_APB1PeriphClockCmd
    timer.o(.text) refers to stm32f4xx_tim.o(.text) for TIM_TimeBaseInit
    timer.o(.text) refers to stm32f4xx_gpio.o(.text) for GPIO_PinAFConfig
    timer.o(.text) refers to motor.o(.text) for Motor14_RelayOn
    timer.o(.text) refers to led.o(.text) for Delay_Nms
    timer.o(.text) refers to dfltui.o(.text) for __aeabi_ui2d
    timer.o(.text) refers to dmul.o(.text) for __aeabi_dmul
    timer.o(.text) refers to ddiv.o(.text) for __aeabi_ddiv
    timer.o(.text) refers to d2f.o(.text) for __aeabi_d2f
    timer.o(.text) refers to f2d.o(.text) for __aeabi_f2d
    timer.o(.text) refers to cdrcmple.o(.text) for __aeabi_cdrcmple
    timer.o(.text) refers to adc.o(.text) for PC_ReadVol
    timer.o(.text) refers to usart.o(.text) for Send_VoltageAlert
    timer.o(.text) refers to timer.o(.data) for i
    timer.o(.text) refers to adc.o(.data) for uAD_Buff_B
    timer.o(.text) refers to main.o(.data) for gl_FlagMotionCycle
    timer.o(.text) refers to main.o(.bss) for gl_jsflag
    timer.o(.text) refers to slidingmode.o(.bss) for sliding_para
    usart.o(.text) refers to stm32f4xx_usart.o(.text) for USART_GetFlagStatus
    usart.o(.text) refers to led.o(.text) for Delay_Nms
    usart.o(.text) refers to stm32f4xx_rcc.o(.text) for RCC_APB1PeriphClockCmd
    usart.o(.text) refers to stm32f4xx_gpio.o(.text) for GPIO_Init
    usart.o(.text) refers to main.o(.data) for gl_Dis
    usart.o(.text) refers to main.o(.bss) for Real_PcBuff
    usart.o(.text) refers to packet.o(.text) for Packet_Decode
    usart.o(.text) refers to atof.o(i.__hardfp_atof) for __hardfp_atof
    usart.o(.text) refers to usart.o(.data) for state
    usart.o(.text) refers to dmul.o(.text) for __aeabi_dmul
    usart.o(.text) refers to d2f.o(.text) for __aeabi_d2f
    usart.o(.text) refers to common.o(.text) for Store_PcData
    usart.o(.text) refers to motor.o(.text) for SingleMotor_Control
    usart.o(.text) refers to slidingmode.o(.text) for Set_SlidingPara
    usart.o(.text) refers to adc.o(.text) for PC_ReadVol
    usart.o(.text) refers to imu_data_decode.o(.text) for get_raw_acc
    imu_data_decode.o(.text) refers to memcpya.o(.text) for __aeabi_memcpy
    imu_data_decode.o(.text) refers to packet.o(.text) for Packet_DecodeInit
    imu_data_decode.o(.text) refers to imu_data_decode.o(.data) for acc
[...]
    dadd.o(.text) refers to depilogue.o(.text) for _double_epilogue
    dfixul.o(.text) refers to llushr.o(.text) for __aeabi_llsr
    dfixul.o(.text) refers to llshl.o(.text) for __aeabi_llsl
    init.o(.text) refers to entry5.o(.ARM.Collect$$$$00000004) for __main_after_scatterload
    isspace_c.o(.text) refers to ctype_c.o(.text) for __ctype_lookup
    scanf_fp.o(.text) refers (Special) to iusefp.o(.text) for __I$use$fp
    scanf_fp.o(.text) refers to dfltul.o(.text) for __aeabi_ul2d
    scanf_fp.o(.text) refers to dmul.o(.text) for __aeabi_dmul
    scanf_fp.o(.text) refers to ddiv.o(.text) for __aeabi_ddiv
    scanf_fp.o(.text) refers to scanf_fp.o(i._is_digit) for _is_digit
    scanf_fp.o(.text) refers to d2f.o(.text) for __aeabi_d2f
    ctype_c.o(.text) refers to ctype_c.o(.constdata) for .constdata
    dfltul.o(.text) refers to depilogue.o(.text) for _double_epilogue
    scanf_fp.o(i._is_digit) refers (Special) to iusefp.o(.text) for __I$use$fp


==============================================================================

Removing Unused input sections from the image.

    Removing system_stm32f4xx.o(.rev16_text), (4 bytes).
    Removing system_stm32f4xx.o(.revsh_text), (4 bytes).
    Removing system_stm32f4xx.o(.rrx_text), (6 bytes).
    Removing startup_stm32f4xx.o(HEAP), (512 bytes).
    Removing main.o(.rev16_text), (4 bytes).
    Removing main.o(.revsh_text), (4 bytes).
    Removing main.o(.rrx_text), (6 bytes).
    Removing stm32f4xx_it.o(.rev16_text), (4 bytes).
    Removing stm32f4xx_it.o(.revsh_text), (4 bytes).
    Removing stm32f4xx_it.o(.rrx_text), (6 bytes).
    Removing misc.o(.rev16_text), (4 bytes).
    Removing misc.o(.revsh_text), (4 bytes).
    Removing misc.o(.rrx_text), (6 bytes).
    Removing stm32f4xx_exti.o(.rev16_text), (4 bytes).
    Removing stm32f4xx_exti.o(.revsh_text), (4 bytes).
    Removing stm32f4xx_exti.o(.rrx_text), (6 bytes).
    Removing stm32f4xx_exti.o(.text), (284 bytes).
    Removing stm32f4xx_flash.o(.rev16_text), (4 bytes).
    Removing stm32f4xx_flash.o(.revsh_text), (4 bytes).
    Removing stm32f4xx_flash.o(.rrx_text), (6 bytes).
    Removing stm32f4xx_flash.o(.text), (1212 bytes).
    Removing stm32f4xx_gpio.o(.rev16_text), (4 bytes).
    Removing stm32f4xx_gpio.o(.revsh_text), (4 bytes).
    Removing stm32f4xx_gpio.o(.rrx_text), (6 bytes).
    Removing stm32f4xx_pwr.o(.rev16_text), (4 bytes).
    Removing stm32f4xx_pwr.o(.revsh_text), (4 bytes).
    Removing stm32f4xx_pwr.o(.rrx_text), (6 bytes).
    Removing stm32f4xx_pwr.o(.text), (248 bytes).
    Removing stm32f4xx_rcc.o(.rev16_text), (4 bytes).
    Removing stm32f4xx_rcc.o(.revsh_text), (4 bytes).
    Removing stm32f4xx_rcc.o(.rrx_text), (6 bytes).
    Removing stm32f4xx_syscfg.o(.rev16_text), (4 bytes).
    Removing stm32f4xx_syscfg.o(.revsh_text), (4 bytes).
    Removing stm32f4xx_syscfg.o(.rrx_text), (6 bytes).
    Removing stm32f4xx_syscfg.o(.text), (140 bytes).
    Removing stm32f4xx_tim.o(.rev16_text), (4 bytes).
    Removing stm32f4xx_tim.o(.revsh_text), (4 bytes).
    Removing stm32f4xx_tim.o(.rrx_text), (6 bytes).
    Removing stm32f4xx_usart.o(.rev16_text), (4 bytes).
    Removing stm32f4xx_usart.o(.revsh_text), (4 bytes).
    Removing stm32f4xx_usart.o(.rrx_text), (6 bytes).
    Removing stm32f4xx_wwdg.o(.rev16_text), (4 bytes).
    Removing stm32f4xx_wwdg.o(.revsh_text), (4 bytes).
    Removing stm32f4xx_wwdg.o(.rrx_text), (6 bytes).
    Removing stm32f4xx_wwdg.o(.text), (144 bytes).
    Removing stm32f4xx_adc.o(.rev16_text), (4 bytes).
    Removing stm32f4xx_adc.o(.revsh_text), (4 bytes).
    Removing stm32f4xx_adc.o(.rrx_text), (6 bytes).
    Removing stm32f4xx_dma.o(.rev16_text), (4 bytes).
    Removing stm32f4xx_dma.o(.revsh_text), (4 bytes).
    Removing stm32f4xx_dma.o(.rrx_text), (6 bytes).
    Removing led.o(.rev16_text), (4 bytes).
    Removing led.o(.revsh_text), (4 bytes).
    Removing led.o(.rrx_text), (6 bytes).
    Removing test.o(.rev16_text), (4 bytes).
    Removing test.o(.revsh_text), (4 bytes).
    Removing test.o(.rrx_text), (6 bytes).
    Removing test.o(.text), (1264 bytes).
    Removing timer.o(.rev16_text), (4 bytes).
    Removing timer.o(.revsh_text), (4 bytes).
    Removing timer.o(.rrx_text), (6 bytes).
    Removing usart.o(.rev16_text), (4 bytes).
    Removing usart.o(.revsh_text), (4 bytes).
    Removing usart.o(.rrx_text), (6 bytes).
    Removing packet.o(.rev16_text), (4 bytes).
    Removing packet.o(.revsh_text), (4 bytes).
    Removing packet.o(.rrx_text), (6 bytes).
    Removing common.o(.rev16_text), (4 bytes).
    Removing common.o(.revsh_text), (4 bytes).
    Removing common.o(.rrx_text), (6 bytes).
    Removing motor.o(.rev16_text), (4 bytes).
    Removing motor.o(.revsh_text), (4 bytes).
    Removing motor.o(.rrx_text), (6 bytes).
    Removing slidingmode.o(.rev16_text), (4 bytes).
    Removing slidingmode.o(.revsh_text), (4 bytes).
    Removing slidingmode.o(.rrx_text), (6 bytes).
    Removing slidingmode.o(.data), (20 bytes).
    Removing adc.o(.rev16_text), (4 bytes).
    Removing adc.o(.revsh_text), (4 bytes).
    Removing adc.o(.rrx_text), (6 bytes).
    Removing dadd.o(.text), (334 bytes).
    Removing dfixul.o(.text), (48 bytes).

82 unused section(s) (total 4542 bytes) removed from the image.

==============================================================================

Image Symbol Table

    Local Symbols

    Symbol Name                              Value     Ov Type        Size  Object(Section)

    ../clib/microlib/ctype/ctype.c           0x00000000   Number         0  ctype_c.o ABSOLUTE
    ../clib/microlib/ctype/ctype.c           0x00000000   Number         0  isspace_c.o ABSOLUTE
    ../clib/microlib/division.c              0x00000000   Number         0  uidiv.o ABSOLUTE
    ../clib/microlib/division.c              0x00000000   Number         0  uldiv.o ABSOLUTE
    ../clib/microlib/errno.c                 0x00000000   Number         0  errno.o ABSOLUTE
    ../clib/microlib/init/entry.s            0x00000000   Number         0  entry7b.o ABSOLUTE
    ../clib/microlib/init/entry.s            0x00000000   Number         0  entry8a.o ABSOLUTE
    ../clib/microlib/init/entry.s            0x00000000   Number         0  entry8b.o ABSOLUTE
    ../clib/microlib/init/entry.s            0x00000000   Number         0  entry9a.o ABSOLUTE
    ../clib/microlib/init/entry.s            0x00000000   Number         0  entry9b.o ABSOLUTE
    ../clib/microlib/init/entry.s            0x00000000   Number         0  entry.o ABSOLUTE
    ../clib/microlib/init/entry.s            0x00000000   Number         0  entry10a.o ABSOLUTE
    ../clib/microlib/init/entry.s            0x00000000   Number         0  entry10b.o ABSOLUTE
    ../clib/microlib/init/entry.s            0x00000000   Number         0  entry11a.o ABSOLUTE
    ../clib/microlib/init/entry.s            0x00000000   Number         0  entry11b.o ABSOLUTE
    ../clib/microlib/init/entry.s            0x00000000   Number         0  entry2.o ABSOLUTE
    ../clib/microlib/init/entry.s            0x00000000   Number         0  entry5.o ABSOLUTE
    ../clib/microlib/init/entry.s            0x00000000   Number         0  entry7a.o ABSOLUTE
    ../clib/microlib/longlong.c              0x00000000   Number         0  llsshr.o ABSOLUTE
    ../clib/microlib/longlong.c              0x00000000   Number         0  llshl.o ABSOLUTE
    ../clib/microlib/longlong.c              0x00000000   Number         0  llushr.o ABSOLUTE
    ../clib/microlib/printf/printf.c         0x00000000   Number         0  printf8.o ABSOLUTE
    ../clib/microlib/printf/printf.c         0x00000000   Number         0  printfa.o ABSOLUTE
    ../clib/microlib/printf/printf.c         0x00000000   Number         0  printf7.o ABSOLUTE
    ../clib/microlib/printf/printf.c         0x00000000   Number         0  printf6.o ABSOLUTE
    ../clib/microlib/printf/printf.c         0x00000000   Number         0  printf5.o ABSOLUTE
    ../clib/microlib/printf/printf.c         0x00000000   Number         0  printf4.o ABSOLUTE
    ../clib/microlib/printf/printf.c         0x00000000   Number         0  printf3.o ABSOLUTE
    ../clib/microlib/printf/printf.c         0x00000000   Number         0  printf2.o ABSOLUTE
    ../clib/microlib/printf/printf.c         0x00000000   Number         0  printf1.o ABSOLUTE
    ../clib/microlib/printf/printf.c         0x00000000   Number         0  printf0.o ABSOLUTE
    ../clib/microlib/printf/printf.c         0x00000000   Number         0  printfb.o ABSOLUTE
    ../clib/microlib/stdio/streams.c         0x00000000   Number         0  stdout.o ABSOLUTE
    ../clib/microlib/string/memcpy.c         0x00000000   Number         0  memcpyb.o ABSOLUTE
    ../clib/microlib/string/memcpy.c         0x00000000   Number         0  memcpya.o ABSOLUTE
    ../clib/microlib/string/memset.c         0x00000000   Number         0  memseta.o ABSOLUTE
    ../clib/microlib/stubs.s                 0x00000000   Number         0  iusefp.o ABSOLUTE
    ../clib/scanf.c                          0x00000000   Number         0  strtod.o ABSOLUTE
    ../clib/scanf.c                          0x00000000   Number         0  _sgetc.o ABSOLUTE
    ../clib/scanf.c                          0x00000000   Number         0  scanf_fp.o ABSOLUTE
    ../fplib/microlib/d2f.c                  0x00000000   Number         0  d2f.o ABSOLUTE
    ../fplib/microlib/f2d.c                  0x00000000   Number         0  f2d.o ABSOLUTE
    ../fplib/microlib/fpadd.c                0x00000000   Number         0  dadd.o ABSOLUTE
    ../fplib/microlib/fpdiv.c                0x00000000   Number         0  ddiv.o ABSOLUTE
    ../fplib/microlib/fpepilogue.c           0x00000000   Number         0  depilogue.o ABSOLUTE
    ../fplib/microlib/fpepilogue.c           0x00000000   Number         0  fepilogue.o ABSOLUTE
    ../fplib/microlib/fpfix.c                0x00000000   Number         0  dfixul.o ABSOLUTE
    ../fplib/microlib/fpflt.c                0x00000000   Number         0  dfltul.o ABSOLUTE
    ../fplib/microlib/fpflt.c                0x00000000   Number         0  dfltui.o ABSOLUTE
    ../fplib/microlib/fpmul.c                0x00000000   Number         0  dmul.o ABSOLUTE
    ../mathlib/atof.c                        0x00000000   Number         0  atof.o ABSOLUTE
    ..\..\BaseDrive\adc.c                    0x00000000   Number         0  adc.o ABSOLUTE
    ..\..\BaseDrive\common.c                 0x00000000   Number         0  common.o ABSOLUTE
    ..\..\BaseDrive\imu_data_decode.c        0x00000000   Number         0  imu_data_decode.o ABSOLUTE
    ..\..\BaseDrive\led.c                    0x00000000   Number         0  led.o ABSOLUTE
    ..\..\BaseDrive\motor.c                  0x00000000   Number         0  motor.o ABSOLUTE
    ..\..\BaseDrive\packet.c                 0x00000000   Number         0  packet.o ABSOLUTE
    ..\..\BaseDrive\slidingmode.c            0x00000000   Number         0  slidingmode.o ABSOLUTE
    ..\..\BaseDrive\test.c                   0x00000000   Number         0  test.o ABSOLUTE
    ..\..\BaseDrive\timer.c                  0x00000000   Number         0  timer.o ABSOLUTE
    ..\..\BaseDrive\usart.c                  0x00000000   Number         0  usart.o ABSOLUTE
    ..\..\Libraries\CMSIS\Device\ST\STM32F4xx\Source\Templates\arm\startup_stm32f4xx.s 0x00000000   Number         0  startup_stm32f4xx.o ABSOLUTE
    ..\..\Libraries\CMSIS\Device\ST\STM32F4xx\Source\Templates\system_stm32f4xx.c 0x00000000   Number         0  system_stm32f4xx.o ABSOLUTE
    ..\..\Libraries\STM32F4xx_StdPeriph_Driver\src\misc.c 0x00000000   Number         0  misc.o ABSOLUTE
    ..\..\Libraries\STM32F4xx_StdPeriph_Driver\src\stm32f4xx_adc.c 0x00000000   Number         0  stm32f4xx_adc.o ABSOLUTE
    ..\..\Libraries\STM32F4xx_StdPeriph_Driver\src\stm32f4xx_dma.c 0x00000000   Number         0  stm32f4xx_dma.o ABSOLUTE
    ..\..\Libraries\STM32F4xx_StdPeriph_Driver\src\stm32f4xx_exti.c 0x00000000   Number         0  stm32f4xx_exti.o ABSOLUTE
    ..\..\Libraries\STM32F4xx_StdPeriph_Driver\src\stm32f4xx_flash.c 0x00000000   Number         0  stm32f4xx_flash.o ABSOLUTE
    ..\..\Libraries\STM32F4xx_StdPeriph_Driver\src\stm32f4xx_gpio.c 0x00000000   Number         0  stm32f4xx_gpio.o ABSOLUTE
    ..\..\Libraries\STM32F4xx_StdPeriph_Driver\src\stm32f4xx_pwr.c 0x00000000   Number         0  stm32f4xx_pwr.o ABSOLUTE
    ..\..\Libraries\STM32F4xx_StdPeriph_Driver\src\stm32f4xx_rcc.c 0x00000000   Number         0  stm32f4xx_rcc.o ABSOLUTE
    ..\..\Libraries\STM32F4xx_StdPeriph_Driver\src\stm32f4xx_syscfg.c 0x00000000   Number         0  stm32f4xx_syscfg.o ABSOLUTE
    ..\..\Libraries\STM32F4xx_StdPeriph_Driver\src\stm32f4xx_tim.c 0x00000000   Number         0  stm32f4xx_tim.o ABSOLUTE
    ..\..\Libraries\STM32F4xx_StdPeriph_Driver\src\stm32f4xx_usart.c 0x00000000   Number         0  stm32f4xx_usart.o ABSOLUTE
    ..\..\Libraries\STM32F4xx_StdPeriph_Driver\src\stm32f4xx_wwdg.c 0x00000000   Number         0  stm32f4xx_wwdg.o ABSOLUTE
    ..\..\User\main.c                        0x00000000   Number         0  main.o ABSOLUTE
    ..\..\User\stm32f4xx_it.c                0x00000000   Number         0  stm32f4xx_it.o ABSOLUTE
    ..\\..\\BaseDrive\\adc.c                 0x00000000   Number         0  adc.o ABSOLUTE
    ..\\..\\BaseDrive\\common.c              0x00000000   Number         0  common.o ABSOLUTE
    ..\\..\\BaseDrive\\led.c                 0x00000000   Number         0  led.o ABSOLUTE
    ..\\..\\BaseDrive\\motor.c               0x00000000   Number         0  motor.o ABSOLUTE
    ..\\..\\BaseDrive\\packet.c              0x00000000   Number         0  packet.o ABSOLUTE
    ..\\..\\BaseDrive\\slidingmode.c         0x00000000   Number         0  slidingmode.o ABSOLUTE
    ..\\..\\BaseDrive\\test.c                0x00000000   Number         0  test.o ABSOLUTE
    ..\\..\\BaseDrive\\timer.c               0x00000000   Number         0  timer.o ABSOLUTE
    ..\\..\\BaseDrive\\usart.c               0x00000000   Number         0  usart.o ABSOLUTE
    ..\\..\\Libraries\\CMSIS\\Device\\ST\\STM32F4xx\\Source\\Templates\\system_stm32f4xx.c 0x00000000   Number         0  system_stm32f4xx.o ABSOLUTE
    ..\\..\\Libraries\\STM32F4xx_StdPeriph_Driver\\src\\misc.c 0x00000000   Number         0  misc.o ABSOLUTE
    ..\\..\\Libraries\\STM32F4xx_StdPeriph_Driver\\src\\stm32f4xx_adc.c 0x00000000   Number         0  stm32f4xx_adc.o ABSOLUTE
    ..\\..\\Libraries\\STM32F4xx_StdPeriph_Driver\\src\\stm32f4xx_dma.c 0x00000000   Number         0  stm32f4xx_dma.o ABSOLUTE
    ..\\..\\Libraries\\STM32F4xx_StdPeriph_Driver\\src\\stm32f4xx_exti.c 0x00000000   Number         0  stm32f4xx_exti.o ABSOLUTE
    ..\\..\\Libraries\\STM32F4xx_StdPeriph_Driver\\src\\stm32f4xx_flash.c 0x00000000   Number         0  stm32f4xx_flash.o ABSOLUTE
    ..\\..\\Libraries\\STM32F4xx_StdPeriph_Driver\\src\\stm32f4xx_gpio.c 0x00000000   Number         0  stm32f4xx_gpio.o ABSOLUTE
    ..\\..\\Libraries\\STM32F4xx_StdPeriph_Driver\\src\\stm32f4xx_pwr.c 0x00000000   Number         0  stm32f4xx_pwr.o ABSOLUTE
    ..\\..\\Libraries\\STM32F4xx_StdPeriph_Driver\\src\\stm32f4xx_rcc.c 0x00000000   Number         0  stm32f4xx_rcc.o ABSOLUTE
    ..\\..\\Libraries\\STM32F4xx_StdPeriph_Driver\\src\\stm32f4xx_syscfg.c 0x00000000   Number         0  stm32f4xx_syscfg.o ABSOLUTE
    ..\\..\\Libraries\\STM32F4xx_StdPeriph_Driver\\src\\stm32f4xx_tim.c 0x00000000   Number         0  stm32f4xx_tim.o ABSOLUTE
    ..\\..\\Libraries\\STM32F4xx_StdPeriph_Driver\\src\\stm32f4xx_usart.c 0x00000000   Number         0  stm32f4xx_usart.o ABSOLUTE
    ..\\..\\Libraries\\STM32F4xx_StdPeriph_Driver\\src\\stm32f4xx_wwdg.c 0x00000000   Number         0  stm32f4xx_wwdg.o ABSOLUTE
    ..\\..\\User\\main.c                     0x00000000   Number         0  main.o ABSOLUTE
    ..\\..\\User\\stm32f4xx_it.c             0x00000000   Number         0  stm32f4xx_it.o ABSOLUTE
    cdrcmple.s                               0x00000000   Number         0  cdrcmple.o ABSOLUTE
    dc.s                                     0x00000000   Number         0  dc.o ABSOLUTE
    handlers.s                               0x00000000   Number         0  handlers.o ABSOLUTE
    init.s                                   0x00000000   Number         0  init.o ABSOLUTE
    RESET                                    0x08000000   Section      392  startup_stm32f4xx.o(RESET)
    .ARM.Collect$$$$00000000                 0x08000188   Section        0  entry.o(.ARM.Collect$$$$00000000)
    .ARM.Collect$$$$00000001                 0x08000188   Section        4  entry2.o(.ARM.Collect$$$$00000001)
    .ARM.Collect$$$$00000004                 0x0800018c   Section        4  entry5.o(.ARM.Collect$$$$00000004)
    .ARM.Collect$$$$00000008                 0x08000190   Section        0  entry7b.o(.ARM.Collect$$$$00000008)
    .ARM.Collect$$$$0000000A                 0x08000190   Section        0  entry8b.o(.ARM.Collect$$$$0000000A)
    .ARM.Collect$$$$0000000B                 0x08000190   Section        8  entry9a.o(.ARM.Collect$$$$0000000B)
    .ARM.Collect$$$$0000000D                 0x08000198   Section        0  entry10a.o(.ARM.Collect$$$$0000000D)
    .ARM.Collect$$$$0000000F                 0x08000198   Section        0  entry11a.o(.ARM.Collect$$$$0000000F)
    .ARM.Collect$$$$00002712                 0x08000198   Section        4  entry2.o(.ARM.Collect$$$$00002712)
    __lit__00000000                          0x08000198   Data           4  entry2.o(.ARM.Collect$$$$00002712)
    .text                                    0x0800019c   Section        0  system_stm32f4xx.o(.text)
    SetSysClock                              0x0800019d   Thumb Code   220  system_stm32f4xx.o(.text)
    .text                                    0x080003ac   Section       36  startup_stm32f4xx.o(.text)
    $v0                                      0x080003ac   Number         0  startup_stm32f4xx.o(.text)
    .text                                    0x080003d0   Section        0  main.o(.text)
    .text                                    0x080003f0   Section        0  stm32f4xx_it.o(.text)
    .text                                    0x0800040c   Section        0  misc.o(.text)
    .text                                    0x080004ec   Section        0  stm32f4xx_gpio.o(.text)
    .text                                    0x08000748   Section        0  stm32f4xx_rcc.o(.text)
    .text                                    0x08000cd0   Section        0  stm32f4xx_tim.o(.text)
    TI4_Config                               0x0800146f   Thumb Code    80  stm32f4xx_tim.o(.text)
    TI3_Config                               0x080014d1   Thumb Code    72  stm32f4xx_tim.o(.text)
    TI2_Config                               0x08001533   Thumb Code    90  stm32f4xx_tim.o(.text)
    TI1_Config                               0x0800159f   Thumb Code    58  stm32f4xx_tim.o(.text)
    .text                                    0x08001974   Section        0  stm32f4xx_usart.o(.text)
    .text                                    0x08001d90   Section        0  stm32f4xx_adc.o(.text)
    .text                                    0x080021f4   Section        0  stm32f4xx_dma.o(.text)
    .text                                    0x0800259c   Section        0  led.o(.text)
    .text                                    0x080027e8   Section        0  timer.o(.text)
    .text                                    0x08002d34   Section        0  usart.o(.text)
    SciGPS_Init                              0x08002fe1   Thumb Code   182  usart.o(.text)
    Scic_Init                                0x08003097   Thumb Code   220  usart.o(.text)
    Scib_Init                                0x08003173   Thumb Code   182  usart.o(.text)
    Scia_Init                                0x08003229   Thumb Code   178  usart.o(.text)
    Scid_Init                                0x080032ef   Thumb Code   156  usart.o(.text)
    .text                                    0x08003744   Section        0  imu_data_decode.o(.text)
    OnDataReceived                           0x0800379f   Thumb Code   350  imu_data_decode.o(.text)
    .text                                    0x08003930   Section        0  packet.o(.text)
    crc16_update                             0x08003931   Thumb Code    60  packet.o(.text)
    .text                                    0x08003c34   Section        0  common.o(.text)
    .text                                    0x08003ddc   Section        0  motor.o(.text)
    Num_Change                               0x08003f6d   Thumb Code   102  motor.o(.text)
    Saturation                               0x0800411d   Thumb Code    20  motor.o(.text)
    Stop_Control                             0x08004299   Thumb Code    66  motor.o(.text)
    Left_Control                             0x080044fb   Thumb Code    12  motor.o(.text)
    Right_Control                            0x08004507   Thumb Code    12  motor.o(.text)
    Depth_Control                            0x0800472b   Thumb Code   264  motor.o(.text)
    Yaw_Control                              0x08004833   Thumb Code   312  motor.o(.text)
    XiaYang_Control                          0x0800496b   Thumb Code   376  motor.o(.text)
    ShangYang_Control                        0x08004ae3   Thumb Code     2  motor.o(.text)
    Down_Control                             0x08004ae5   Thumb Code    36  motor.o(.text)
    Up_Control                               0x08004b09   Thumb Code    36  motor.o(.text)
    Back_Control                             0x08004b2d   Thumb Code   268  motor.o(.text)
    Advance_Control                          0x08004c39   Thumb Code   268  motor.o(.text)
    Forcez_Change                            0x08004da9   Thumb Code    48  motor.o(.text)
    Forcex_Change                            0x08004dd9   Thumb Code    48  motor.o(.text)
    .text                                    0x080050c4   Section        0  slidingmode.o(.text)
    .text                                    0x08005138   Section        0  adc.o(.text)
    ADCInit_DMA                              0x08005139   Thumb Code   126  adc.o(.text)
    .text                                    0x080053b0   Section        0  memcpya.o(.text)
    .text                                    0x080053d4   Section        0  memseta.o(.text)
    .text                                    0x080053f8   Section        0  dmul.o(.text)
    .text                                    0x080054dc   Section        0  ddiv.o(.text)
    .text                                    0x080055ba   Section        0  dfltui.o(.text)
    .text                                    0x080055d4   Section        0  f2d.o(.text)
    .text                                    0x080055fc   Section       48  cdrcmple.o(.text)
    .text                                    0x0800562c   Section        0  d2f.o(.text)
    .text                                    0x08005664   Section        0  strtod.o(.text)
    _local_sscanf                            0x08005665   Thumb Code    54  strtod.o(.text)
    .text                                    0x08005700   Section        0  fepilogue.o(.text)
    .text                                    0x08005700   Section        0  iusefp.o(.text)
    .text                                    0x0800576e   Section        0  depilogue.o(.text)
    .text                                    0x08005828   Section       36  init.o(.text)
    .text                                    0x0800584c   Section        0  llshl.o(.text)
    .text                                    0x0800586a   Section        0  llushr.o(.text)
    .text                                    0x0800588a   Section        0  isspace_c.o(.text)
    .text                                    0x08005894   Section        0  scanf_fp.o(.text)
    _fp_value                                0x08005895   Thumb Code   296  scanf_fp.o(.text)
    .text                                    0x08005bf4   Section        0  _sgetc.o(.text)
    .text                                    0x08005c34   Section        0  ctype_c.o(.text)
    .text                                    0x08005c5c   Section        0  dfltul.o(.text)
    i.__hardfp_atof                          0x08005c78   Section        0  atof.o(i.__hardfp_atof)
    i.__read_errno                           0x08005cb0   Section        0  errno.o(i.__read_errno)
    i.__scatterload_copy                     0x08005cbc   Section       14  handlers.o(i.__scatterload_copy)
    i.__scatterload_null                     0x08005cca   Section        2  handlers.o(i.__scatterload_null)
    i.__scatterload_zeroinit                 0x08005ccc   Section       14  handlers.o(i.__scatterload_zeroinit)
    i.__set_errno                            0x08005cdc   Section        0  errno.o(i.__set_errno)
    i._is_digit                              0x08005ce8   Section        0  scanf_fp.o(i._is_digit)
    .constdata                               0x08005cf6   Section        8  motor.o(.constdata)
    .constdata                               0x08005cfe   Section       64  ctype_c.o(.constdata)
    .data                                    0x20000000   Section       20  system_stm32f4xx.o(.data)
    .data                                    0x20000014   Section       96  main.o(.data)
    .data                                    0x20000074   Section       16  stm32f4xx_rcc.o(.data)
    APBAHBPrescTable                         0x20000074   Data          16  stm32f4xx_rcc.o(.data)
    .data                                    0x20000084   Section        1  timer.o(.data)
    i                                        0x20000084   Data           1  timer.o(.data)
    .data                                    0x20000086   Section       10  usart.o(.data)
    state                                    0x20000086   Data           2  usart.o(.data)
    length                                   0x20000088   Data           2  usart.o(.data)
    lencnt                                   0x2000008a   Data           2  usart.o(.data)
    sum_check                                0x2000008c   Data           2  usart.o(.data)
    state                                    0x2000008e   Data           1  usart.o(.data)
    i                                        0x2000008f   Data           1  usart.o(.data)
    .data                                    0x20000090   Section       19  imu_data_decode.o(.data)
    acc                                      0x20000090   Data           6  imu_data_decode.o(.data)
    gyo                                      0x20000096   Data           6  imu_data_decode.o(.data)
    mag                                      0x2000009c   Data           6  imu_data_decode.o(.data)
    id                                       0x200000a2   Data           1  imu_data_decode.o(.data)
    .data                                    0x200000a4   Section       17  packet.o(.data)
    EventHandler                             0x200000a4   Data           4  packet.o(.data)
    RxPkt                                    0x200000a8   Data           4  packet.o(.data)
    CRCReceived                              0x200000ac   Data           2  packet.o(.data)
    CRCCalculated                            0x200000ae   Data           2  packet.o(.data)
    status                                   0x200000b0   Data           1  packet.o(.data)
    crc_header                               0x200000b1   Data           4  packet.o(.data)
    .data                                    0x200000b8   Section       39  motor.o(.data)
    last_error                               0x200000d4   Data           4  motor.o(.data)
    last_error                               0x200000d8   Data           4  motor.o(.data)
    i                                        0x200000dc   Data           1  motor.o(.data)
    i                                        0x200000dd   Data           1  motor.o(.data)
    i                                        0x200000de   Data           1  motor.o(.data)
    .data                                    0x200000e0   Section       10  adc.o(.data)
    .data                                    0x200000ec   Section        4  errno.o(.data)
    _errno                                   0x200000ec   Data           4  errno.o(.data)
    .bss                                     0x200000f0   Section     4988  main.o(.bss)
    .bss                                     0x2000146c   Section      168  imu_data_decode.o(.bss)
    RxPkt                                    0x2000146c   Data         140  imu_data_decode.o(.bss)
    eular                                    0x200014f8   Data          12  imu_data_decode.o(.bss)
    quat                                     0x20001504   Data          16  imu_data_decode.o(.bss)
    .bss                                     0x20001514   Section       40  slidingmode.o(.bss)
    STACK                                    0x20001540   Section     1024  startup_stm32f4xx.o(STACK)

    Global Symbols

    Symbol Name                              Value     Ov Type        Size  Object(Section)

    BuildAttributes$$THM_ISAv4$E$P$D$K$B$S$7EM$VFPi3$EXTD16$VFPS$VFMA$PE$A:L22UL41UL21$X:L11$S22US41US21$IEEE1$IW$USESV6$~STKCKD$USESV7$~SHL$OTIME$ROPI$IEEEJ$EBA8$MICROLIB$REQ8$PRES8$EABIv2 0x00000000   Number         0  anon$$obj.o ABSOLUTE
    __ARM_use_no_argv                        0x00000000   Number         0  main.o ABSOLUTE
    __cpp_initialize__aeabi_                  - Undefined Weak Reference
    __cxa_finalize                            - Undefined Weak Reference
    __decompress                              - Undefined Weak Reference
    _clock_init                               - Undefined Weak Reference
    _microlib_exit                            - Undefined Weak Reference
    __Vectors_Size                           0x00000188   Number         0  startup_stm32f4xx.o ABSOLUTE
    __Vectors                                0x08000000   Data           4  startup_stm32f4xx.o(RESET)
    __Vectors_End                            0x08000188   Data           0  startup_stm32f4xx.o(RESET)
    __main                                   0x08000189   Thumb Code     0  entry.o(.ARM.Collect$$$$00000000)
    _main_stk                                0x08000189   Thumb Code     0  entry2.o(.ARM.Collect$$$$00000001)
    _main_scatterload                        0x0800018d   Thumb Code     0  entry5.o(.ARM.Collect$$$$00000004)
    __main_after_scatterload                 0x08000191   Thumb Code     0  entry5.o(.ARM.Collect$$$$00000004)
    _main_clock                              0x08000191   Thumb Code     0  entry7b.o(.ARM.Collect$$$$00000008)
    _main_cpp_init                           0x08000191   Thumb Code     0  entry8b.o(.ARM.Collect$$$$0000000A)
    _main_init                               0x08000191   Thumb Code     0  entry9a.o(.ARM.Collect$$$$0000000B)
    __rt_final_cpp                           0x08000199   Thumb Code     0  entry10a.o(.ARM.Collect$$$$0000000D)
    __rt_final_exit                          0x08000199   Thumb Code     0  entry11a.o(.ARM.Collect$$$$0000000F)
    SystemInit                               0x08000279   Thumb Code    88  system_stm32f4xx.o(.text)
    SystemCoreClockUpdate                    0x080002d1   Thumb Code   174  system_stm32f4xx.o(.text)
    Reset_Handler                            0x080003ad   Thumb Code     8  startup_stm32f4xx.o(.text)
    ADC_IRQHandler                           0x080003c7   Thumb Code     0  startup_stm32f4xx.o(.text)
    CAN1_RX0_IRQHandler                      0x080003c7   Thumb Code     0  startup_stm32f4xx.o(.text)
    CAN1_RX1_IRQHandler                      0x080003c7   Thumb Code     0  startup_stm32f4xx.o(.text)
    CAN1_SCE_IRQHandler                      0x080003c7   Thumb Code     0  startup_stm32f4xx.o(.text)
    CAN1_TX_IRQHandler                       0x080003c7   Thumb Code     0  startup_stm32f4xx.o(.text)
    CAN2_RX0_IRQHandler                      0x080003c7   Thumb Code     0  startup_stm32f4xx.o(.text)
    CAN2_RX1_IRQHandler                      0x080003c7   Thumb Code     0  startup_stm32f4xx.o(.text)
    CAN2_SCE_IRQHandler                      0x080003c7   Thumb Code     0  startup_stm32f4xx.o(.text)
    CAN2_TX_IRQHandler                       0x080003c7   Thumb Code     0  startup_stm32f4xx.o(.text)
    CRYP_IRQHandler                          0x080003c7   Thumb Code     0  startup_stm32f4xx.o(.text)
    DCMI_IRQHandler                          0x080003c7   Thumb Code     0  startup_stm32f4xx.o(.text)
    DMA1_Stream0_IRQHandler                  0x080003c7   Thumb Code     0  startup_stm32f4xx.o(.text)
    DMA1_Stream1_IRQHandler                  0x080003c7   Thumb Code     0  startup_stm32f4xx.o(.text)
    DMA1_Stream2_IRQHandler                  0x080003c7   Thumb Code     0  startup_stm32f4xx.o(.text)
    DMA1_Stream3_IRQHandler                  0x080003c7   Thumb Code     0  startup_stm32f4xx.o(.text)
    DMA1_Stream4_IRQHandler                  0x080003c7   Thumb Code     0  startup_stm32f4xx.o(.text)
    DMA1_Stream5_IRQHandler                  0x080003c7   Thumb Code     0  startup_stm32f4xx.o(.text)
    DMA1_Stream6_IRQHandler                  0x080003c7   Thumb Code     0  startup_stm32f4xx.o(.text)
    DMA1_Stream7_IRQHandler                  0x080003c7   Thumb Code     0  startup_stm32f4xx.o(.text)
    DMA2_Stream0_IRQHandler                  0x080003c7   Thumb Code     0  startup_stm32f4xx.o(.text)
    DMA2_Stream1_IRQHandler                  0x080003c7   Thumb Code     0  startup_stm32f4xx.o(.text)
    DMA2_Stream2_IRQHandler                  0x080003c7   Thumb Code     0  startup_stm32f4xx.o(.text)
    DMA2_Stream3_IRQHandler                  0x080003c7   Thumb Code     0  startup_stm32f4xx.o(.text)
    DMA2_Stream4_IRQHandler                  0x080003c7   Thumb Code     0  startup_stm32f4xx.o(.text)
    DMA2_Stream5_IRQHandler                  0x080003c7   Thumb Code     0  startup_stm32f4xx.o(.text)
    DMA2_Stream6_IRQHandler                  0x080003c7   Thumb Code     0  startup_stm32f4xx.o(.text)
    DMA2_Stream7_IRQHandler                  0x080003c7   Thumb Code     0  startup_stm32f4xx.o(.text)
    ETH_IRQHandler                           0x080003c7   Thumb Code     0  startup_stm32f4xx.o(.text)
    ETH_WKUP_IRQHandler                      0x080003c7   Thumb Code     0  startup_stm32f4xx.o(.text)
    EXTI0_IRQHandler                         0x080003c7   Thumb Code     0  startup_stm32f4xx.o(.text)
    EXTI15_10_IRQHandler                     0x080003c7   Thumb Code     0  startup_stm32f4xx.o(.text)
    EXTI1_IRQHandler                         0x080003c7   Thumb Code     0  startup_stm32f4xx.o(.text)
    EXTI2_IRQHandler                         0x080003c7   Thumb Code     0  startup_stm32f4xx.o(.text)
    EXTI3_IRQHandler                         0x080003c7   Thumb Code     0  startup_stm32f4xx.o(.text)
    EXTI4_IRQHandler                         0x080003c7   Thumb Code     0  startup_stm32f4xx.o(.text)
    EXTI9_5_IRQHandler                       0x080003c7   Thumb Code     0  startup_stm32f4xx.o(.text)
    FLASH_IRQHandler                         0x080003c7   Thumb Code     0  startup_stm32f4xx.o(.text)
    FPU_IRQHandler                           0x080003c7   Thumb Code     0  startup_stm32f4xx.o(.text)
    FSMC_IRQHandler                          0x080003c7   Thumb Code     0  startup_stm32f4xx.o(.text)
    HASH_RNG_IRQHandler                      0x080003c7   Thumb Code     0  startup_stm32f4xx.o(.text)
    I2C1_ER_IRQHandler                       0x080003c7   Thumb Code     0  startup_stm32f4xx.o(.text)
    I2C1_EV_IRQHandler                       0x080003c7   Thumb Code     0  startup_stm32f4xx.o(.text)
    I2C2_ER_IRQHandler                       0x080003c7   Thumb Code     0  startup_stm32f4xx.o(.text)
    I2C2_EV_IRQHandler                       0x080003c7   Thumb Code     0  startup_stm32f4xx.o(.text)
    I2C3_ER_IRQHandler                       0x080003c7   Thumb Code     0  startup_stm32f4xx.o(.text)
    I2C3_EV_IRQHandler                       0x080003c7   Thumb Code     0  startup_stm32f4xx.o(.text)
    OTG_FS_IRQHandler                        0x080003c7   Thumb Code     0  startup_stm32f4xx.o(.text)
    OTG_FS_WKUP_IRQHandler                   0x080003c7   Thumb Code     0  startup_stm32f4xx.o(.text)
    OTG_HS_EP1_IN_IRQHandler                 0x080003c7   Thumb Code     0  startup_stm32f4xx.o(.text)
    OTG_HS_EP1_OUT_IRQHandler                0x080003c7   Thumb Code     0  startup_stm32f4xx.o(.text)
    OTG_HS_IRQHandler                        0x080003c7   Thumb Code     0  startup_stm32f4xx.o(.text)
    OTG_HS_WKUP_IRQHandler                   0x080003c7   Thumb Code     0  startup_stm32f4xx.o(.text)
    PVD_IRQHandler                           0x080003c7   Thumb Code     0  startup_stm32f4xx.o(.text)
    RCC_IRQHandler                           0x080003c7   Thumb Code     0  startup_stm32f4xx.o(.text)
    RTC_Alarm_IRQHandler                     0x080003c7   Thumb Code     0  startup_stm32f4xx.o(.text)
    RTC_WKUP_IRQHandler                      0x080003c7   Thumb Code     0  startup_stm32f4xx.o(.text)
    SDIO_IRQHandler                          0x080003c7   Thumb Code     0  startup_stm32f4xx.o(.text)
    SPI1_IRQHandler                          0x080003c7   Thumb Code     0  startup_stm32f4xx.o(.text)
    SPI2_IRQHandler                          0x080003c7   Thumb Code     0  startup_stm32f4xx.o(.text)
    SPI3_IRQHandler                          0x080003c7   Thumb Code     0  startup_stm32f4xx.o(.text)
    TAMP_STAMP_IRQHandler                    0x080003c7   Thumb Code     0  startup_stm32f4xx.o(.text)
    TIM1_BRK_TIM9_IRQHandler                 0x080003c7   Thumb Code     0  startup_stm32f4xx.o(.text)
    TIM1_CC_IRQHandler                       0x080003c7   Thumb Code     0  startup_stm32f4xx.o(.text)
    TIM1_TRG_COM_TIM11_IRQHandler            0x080003c7   Thumb Code     0  startup_stm32f4xx.o(.text)
    TIM1_UP_TIM10_IRQHandler                 0x080003c7   Thumb Code     0  startup_stm32f4xx.o(.text)
    TIM2_IRQHandler                          0x080003c7   Thumb Code     0  startup_stm32f4xx.o(.text)
    TIM5_IRQHandler                          0x080003c7   Thumb Code     0  startup_stm32f4xx.o(.text)
    TIM6_DAC_IRQHandler                      0x080003c7   Thumb Code     0  startup_stm32f4xx.o(.text)
    TIM7_IRQHandler                          0x080003c7   Thumb Code     0  startup_stm32f4xx.o(.text)
    TIM8_BRK_TIM12_IRQHandler                0x080003c7   Thumb Code     0  startup_stm32f4xx.o(.text)
    TIM8_CC_IRQHandler                       0x080003c7   Thumb Code     0  startup_stm32f4xx.o(.text)
    TIM8_TRG_COM_TIM14_IRQHandler            0x080003c7   Thumb Code     0  startup_stm32f4xx.o(.text)
    TIM8_UP_TIM13_IRQHandler                 0x080003c7   Thumb Code     0  startup_stm32f4xx.o(.text)
    UART5_IRQHandler                         0x080003c7   Thumb Code     0  startup_stm32f4xx.o(.text)
    WWDG_IRQHandler                          0x080003c7   Thumb Code     0  startup_stm32f4xx.o(.text)
    main                                     0x080003d1   Thumb Code    28  main.o(.text)
    NMI_Handler                              0x080003f1   Thumb Code     2  stm32f4xx_it.o(.text)
    HardFault_Handler                        0x080003f3   Thumb Code     4  stm32f4xx_it.o(.text)
    MemManage_Handler                        0x080003f7   Thumb Code     4  stm32f4xx_it.o(.text)
    BusFault_Handler                         0x080003fb   Thumb Code     4  stm32f4xx_it.o(.text)
    UsageFault_Handler                       0x080003ff   Thumb Code     4  stm32f4xx_it.o(.text)
    SVC_Handler                              0x08000403   Thumb Code     2  stm32f4xx_it.o(.text)
    DebugMon_Handler                         0x08000405   Thumb Code     2  stm32f4xx_it.o(.text)
    PendSV_Handler                           0x08000407   Thumb Code     2  stm32f4xx_it.o(.text)
    SysTick_Handler                          0x08000409   Thumb Code     2  stm32f4xx_it.o(.text)
    NVIC_PriorityGroupConfig                 0x0800040d   Thumb Code    10  misc.o(.text)
    NVIC_Init                                0x08000417   Thumb Code   106  misc.o(.text)
    NVIC_SetVectorTable                      0x08000481   Thumb Code    14  misc.o(.text)
    NVIC_SystemLPConfig                      0x0800048f   Thumb Code    34  misc.o(.text)
    SysTick_CLKSourceConfig                  0x080004b1   Thumb Code    40  misc.o(.text)
    GPIO_DeInit                              0x080004ed   Thumb Code   220  stm32f4xx_gpio.o(.text)
    GPIO_Init                                0x080005c9   Thumb Code   144  stm32f4xx_gpio.o(.text)
    GPIO_StructInit                          0x08000659   Thumb Code    18  stm32f4xx_gpio.o(.text)
    GPIO_PinLockConfig                       0x0800066b   Thumb Code    34  stm32f4xx_gpio.o(.text)
    GPIO_ReadInputDataBit                    0x0800068d   Thumb Code    18  stm32f4xx_gpio.o(.text)
    GPIO_ReadInputData                       0x0800069f   Thumb Code     8  stm32f4xx_gpio.o(.text)
    GPIO_ReadOutputDataBit                   0x080006a7   Thumb Code    18  stm32f4xx_gpio.o(.text)
    GPIO_ReadOutputData                      0x080006b9   Thumb Code     8  stm32f4xx_gpio.o(.text)
    GPIO_SetBits                             0x080006c1   Thumb Code     4  stm32f4xx_gpio.o(.text)
    GPIO_ResetBits                           0x080006c5   Thumb Code     4  stm32f4xx_gpio.o(.text)
    GPIO_WriteBit                            0x080006c9   Thumb Code    10  stm32f4xx_gpio.o(.text)
    GPIO_Write                               0x080006d3   Thumb Code     4  stm32f4xx_gpio.o(.text)
    GPIO_ToggleBits                          0x080006d7   Thumb Code     8  stm32f4xx_gpio.o(.text)
    GPIO_PinAFConfig                         0x080006df   Thumb Code    70  stm32f4xx_gpio.o(.text)
    RCC_DeInit                               0x08000749   Thumb Code    60  stm32f4xx_rcc.o(.text)
    RCC_HSEConfig                            0x08000785   Thumb Code    14  stm32f4xx_rcc.o(.text)
    RCC_GetFlagStatus                        0x08000793   Thumb Code    60  stm32f4xx_rcc.o(.text)
    RCC_WaitForHSEStartUp                    0x080007cf   Thumb Code    56  stm32f4xx_rcc.o(.text)
    RCC_AdjustHSICalibrationValue            0x08000807   Thumb Code    20  stm32f4xx_rcc.o(.text)
    RCC_HSICmd                               0x0800081b   Thumb Code     6  stm32f4xx_rcc.o(.text)
    RCC_LSEConfig                            0x08000821   Thumb Code    46  stm32f4xx_rcc.o(.text)
    RCC_LSICmd                               0x0800084f   Thumb Code     6  stm32f4xx_rcc.o(.text)
    RCC_PLLConfig                            0x08000855   Thumb Code    32  stm32f4xx_rcc.o(.text)
    RCC_PLLCmd                               0x08000875   Thumb Code     6  stm32f4xx_rcc.o(.text)
    RCC_PLLI2SConfig                         0x0800087b   Thumb Code    14  stm32f4xx_rcc.o(.text)
    RCC_PLLI2SCmd                            0x08000889   Thumb Code     6  stm32f4xx_rcc.o(.text)
    RCC_ClockSecuritySystemCmd               0x0800088f   Thumb Code     6  stm32f4xx_rcc.o(.text)
    RCC_MCO1Config                           0x08000895   Thumb Code    28  stm32f4xx_rcc.o(.text)
    RCC_MCO2Config                           0x080008b1   Thumb Code    28  stm32f4xx_rcc.o(.text)
    RCC_SYSCLKConfig                         0x080008cd   Thumb Code    20  stm32f4xx_rcc.o(.text)
    RCC_GetSYSCLKSource                      0x080008e1   Thumb Code    12  stm32f4xx_rcc.o(.text)
    RCC_HCLKConfig                           0x080008ed   Thumb Code    20  stm32f4xx_rcc.o(.text)
    RCC_PCLK1Config                          0x08000901   Thumb Code    20  stm32f4xx_rcc.o(.text)
    RCC_PCLK2Config                          0x08000915   Thumb Code    22  stm32f4xx_rcc.o(.text)
    RCC_GetClocksFreq                        0x0800092b   Thumb Code   222  stm32f4xx_rcc.o(.text)
    RCC_RTCCLKConfig                         0x08000a09   Thumb Code    54  stm32f4xx_rcc.o(.text)
    RCC_RTCCLKCmd                            0x08000a3f   Thumb Code     8  stm32f4xx_rcc.o(.text)
    RCC_BackupResetCmd                       0x08000a47   Thumb Code     8  stm32f4xx_rcc.o(.text)
    RCC_I2SCLKConfig                         0x08000a4f   Thumb Code     6  stm32f4xx_rcc.o(.text)
    RCC_AHB1PeriphClockCmd                   0x08000a55   Thumb Code    34  stm32f4xx_rcc.o(.text)
    RCC_AHB2PeriphClockCmd                   0x08000a77   Thumb Code    34  stm32f4xx_rcc.o(.text)
    RCC_AHB3PeriphClockCmd                   0x08000a99   Thumb Code    34  stm32f4xx_rcc.o(.text)
    RCC_APB1PeriphClockCmd                   0x08000abb   Thumb Code    34  stm32f4xx_rcc.o(.text)
    RCC_APB2PeriphClockCmd                   0x08000add   Thumb Code    34  stm32f4xx_rcc.o(.text)
    RCC_AHB1PeriphResetCmd                   0x08000aff   Thumb Code    34  stm32f4xx_rcc.o(.text)
    RCC_AHB2PeriphResetCmd                   0x08000b21   Thumb Code    72  stm32f4xx_rcc.o(.text)
    RCC_AHB3PeriphResetCmd                   0x08000b69   Thumb Code    34  stm32f4xx_rcc.o(.text)
    RCC_APB1PeriphResetCmd                   0x08000b8b   Thumb Code    34  stm32f4xx_rcc.o(.text)
    RCC_APB2PeriphResetCmd                   0x08000bad   Thumb Code    34  stm32f4xx_rcc.o(.text)
    RCC_AHB1PeriphClockLPModeCmd             0x08000bcf   Thumb Code    34  stm32f4xx_rcc.o(.text)
    RCC_AHB2PeriphClockLPModeCmd             0x08000bf1   Thumb Code    34  stm32f4xx_rcc.o(.text)
    RCC_AHB3PeriphClockLPModeCmd             0x08000c13   Thumb Code    34  stm32f4xx_rcc.o(.text)
    RCC_APB1PeriphClockLPModeCmd             0x08000c35   Thumb Code    34  stm32f4xx_rcc.o(.text)
    RCC_APB2PeriphClockLPModeCmd             0x08000c57   Thumb Code    34  stm32f4xx_rcc.o(.text)
    RCC_ITConfig                             0x08000c79   Thumb Code    34  stm32f4xx_rcc.o(.text)
    RCC_ClearFlag                            0x08000c9b   Thumb Code    18  stm32f4xx_rcc.o(.text)
    RCC_GetITStatus                          0x08000cad   Thumb Code    22  stm32f4xx_rcc.o(.text)
    RCC_ClearITPendingBit                    0x08000cc3   Thumb Code     8  stm32f4xx_rcc.o(.text)
    TIM_DeInit                               0x08000cd1   Thumb Code   346  stm32f4xx_tim.o(.text)
    TIM_TimeBaseInit                         0x08000e2b   Thumb Code   104  stm32f4xx_tim.o(.text)
    TIM_TimeBaseStructInit                   0x08000e93   Thumb Code    18  stm32f4xx_tim.o(.text)
    TIM_PrescalerConfig                      0x08000ea5   Thumb Code     6  stm32f4xx_tim.o(.text)
    TIM_CounterModeConfig                    0x08000eab   Thumb Code    18  stm32f4xx_tim.o(.text)
    TIM_SetCounter                           0x08000ebd   Thumb Code     4  stm32f4xx_tim.o(.text)
    TIM_SetAutoreload                        0x08000ec1   Thumb Code     4  stm32f4xx_tim.o(.text)
    TIM_GetCounter                           0x08000ec5   Thumb Code     6  stm32f4xx_tim.o(.text)
    TIM_GetPrescaler                         0x08000ecb   Thumb Code     6  stm32f4xx_tim.o(.text)
    TIM_UpdateDisableConfig                  0x08000ed1   Thumb Code    24  stm32f4xx_tim.o(.text)
    TIM_UpdateRequestConfig                  0x08000ee9   Thumb Code    24  stm32f4xx_tim.o(.text)
    TIM_ARRPreloadConfig                     0x08000f01   Thumb Code    24  stm32f4xx_tim.o(.text)
    TIM_SelectOnePulseMode                   0x08000f19   Thumb Code    18  stm32f4xx_tim.o(.text)
    TIM_SetClockDivision                     0x08000f2b   Thumb Code    18  stm32f4xx_tim.o(.text)
    TIM_Cmd                                  0x08000f3d   Thumb Code    24  stm32f4xx_tim.o(.text)
    TIM_OC1Init                              0x08000f55   Thumb Code   114  stm32f4xx_tim.o(.text)
    TIM_OC2Init                              0x08000fc7   Thumb Code   154  stm32f4xx_tim.o(.text)
    TIM_OC3Init                              0x08001061   Thumb Code   204  stm32f4xx_tim.o(.text)
    TIM_OC4Init                              0x0800112d   Thumb Code   112  stm32f4xx_tim.o(.text)
    TIM_OCStructInit                         0x0800119d   Thumb Code    20  stm32f4xx_tim.o(.text)
    TIM_SelectOCxM                           0x080011b1   Thumb Code    86  stm32f4xx_tim.o(.text)
    TIM_SetCompare1                          0x08001207   Thumb Code     4  stm32f4xx_tim.o(.text)
    TIM_SetCompare2                          0x0800120b   Thumb Code     4  stm32f4xx_tim.o(.text)
    TIM_SetCompare3                          0x0800120f   Thumb Code     4  stm32f4xx_tim.o(.text)
    TIM_SetCompare4                          0x08001213   Thumb Code     4  stm32f4xx_tim.o(.text)
    TIM_ForcedOC1Config                      0x08001217   Thumb Code    18  stm32f4xx_tim.o(.text)
    TIM_ForcedOC2Config                      0x08001229   Thumb Code    26  stm32f4xx_tim.o(.text)
    TIM_ForcedOC3Config                      0x08001243   Thumb Code    18  stm32f4xx_tim.o(.text)
    TIM_ForcedOC4Config                      0x08001255   Thumb Code    26  stm32f4xx_tim.o(.text)
    TIM_OC1PreloadConfig                     0x0800126f   Thumb Code    18  stm32f4xx_tim.o(.text)
    TIM_OC2PreloadConfig                     0x08001281   Thumb Code    26  stm32f4xx_tim.o(.text)
    TIM_OC3PreloadConfig                     0x0800129b   Thumb Code    18  stm32f4xx_tim.o(.text)
    TIM_OC4PreloadConfig                     0x080012ad   Thumb Code    26  stm32f4xx_tim.o(.text)
    TIM_OC1FastConfig                        0x080012c7   Thumb Code    18  stm32f4xx_tim.o(.text)
    TIM_OC2FastConfig                        0x080012d9   Thumb Code    26  stm32f4xx_tim.o(.text)
    TIM_OC3FastConfig                        0x080012f3   Thumb Code    18  stm32f4xx_tim.o(.text)
    TIM_OC4FastConfig                        0x08001305   Thumb Code    26  stm32f4xx_tim.o(.text)
    TIM_ClearOC1Ref                          0x0800131f   Thumb Code    18  stm32f4xx_tim.o(.text)
    TIM_ClearOC2Ref                          0x08001331   Thumb Code    24  stm32f4xx_tim.o(.text)
    TIM_ClearOC3Ref                          0x08001349   Thumb Code    18  stm32f4xx_tim.o(.text)
    TIM_ClearOC4Ref                          0x0800135b   Thumb Code    24  stm32f4xx_tim.o(.text)
    TIM_OC1PolarityConfig                    0x08001373   Thumb Code    18  stm32f4xx_tim.o(.text)
    TIM_OC1NPolarityConfig                   0x08001385   Thumb Code    18  stm32f4xx_tim.o(.text)
    TIM_OC2PolarityConfig                    0x08001397   Thumb Code    26  stm32f4xx_tim.o(.text)
    TIM_OC2NPolarityConfig                   0x080013b1   Thumb Code    26  stm32f4xx_tim.o(.text)
    TIM_OC3PolarityConfig                    0x080013cb   Thumb Code    26  stm32f4xx_tim.o(.text)
    TIM_OC3NPolarityConfig                   0x080013e5   Thumb Code    26  stm32f4xx_tim.o(.text)
    TIM_OC4PolarityConfig                    0x080013ff   Thumb Code    26  stm32f4xx_tim.o(.text)
    TIM_CCxCmd                               0x08001419   Thumb Code    30  stm32f4xx_tim.o(.text)
    TIM_CCxNCmd                              0x08001437   Thumb Code    30  stm32f4xx_tim.o(.text)
    TIM_SetIC4Prescaler                      0x08001455   Thumb Code    26  stm32f4xx_tim.o(.text)
    TIM_SetIC3Prescaler                      0x080014bf   Thumb Code    18  stm32f4xx_tim.o(.text)
    TIM_SetIC2Prescaler                      0x08001519   Thumb Code    26  stm32f4xx_tim.o(.text)
    TIM_SetIC1Prescaler                      0x0800158d   Thumb Code    18  stm32f4xx_tim.o(.text)
    TIM_ICInit                               0x080015d9   Thumb Code   110  stm32f4xx_tim.o(.text)
    TIM_ICStructInit                         0x08001647   Thumb Code    18  stm32f4xx_tim.o(.text)
    TIM_PWMIConfig                           0x08001659   Thumb Code   124  stm32f4xx_tim.o(.text)
    TIM_GetCapture1                          0x080016d5   Thumb Code     6  stm32f4xx_tim.o(.text)
    TIM_GetCapture2                          0x080016db   Thumb Code     6  stm32f4xx_tim.o(.text)
    TIM_GetCapture3                          0x080016e1   Thumb Code     6  stm32f4xx_tim.o(.text)
    TIM_GetCapture4                          0x080016e7   Thumb Code     6  stm32f4xx_tim.o(.text)
    TIM_BDTRConfig                           0x080016ed   Thumb Code    32  stm32f4xx_tim.o(.text)
    TIM_BDTRStructInit                       0x0800170d   Thumb Code    18  stm32f4xx_tim.o(.text)
    TIM_CtrlPWMOutputs                       0x0800171f   Thumb Code    30  stm32f4xx_tim.o(.text)
    TIM_SelectCOM                            0x0800173d   Thumb Code    24  stm32f4xx_tim.o(.text)
    TIM_CCPreloadControl                     0x08001755   Thumb Code    24  stm32f4xx_tim.o(.text)
    TIM_ITConfig                             0x0800176d   Thumb Code    18  stm32f4xx_tim.o(.text)
    TIM_GenerateEvent                        0x0800177f   Thumb Code     4  stm32f4xx_tim.o(.text)
    TIM_GetFlagStatus                        0x08001783   Thumb Code    18  stm32f4xx_tim.o(.text)
    TIM_ClearFlag                            0x08001795   Thumb Code     6  stm32f4xx_tim.o(.text)
    TIM_GetITStatus                          0x0800179b   Thumb Code    34  stm32f4xx_tim.o(.text)
    TIM_ClearITPendingBit                    0x080017bd   Thumb Code     6  stm32f4xx_tim.o(.text)
    TIM_DMAConfig                            0x080017c3   Thumb Code    10  stm32f4xx_tim.o(.text)
    TIM_DMACmd                               0x080017cd   Thumb Code    18  stm32f4xx_tim.o(.text)
    TIM_SelectCCDMA                          0x080017df   Thumb Code    24  stm32f4xx_tim.o(.text)
    TIM_InternalClockConfig                  0x080017f7   Thumb Code    12  stm32f4xx_tim.o(.text)
    TIM_SelectInputTrigger                   0x08001803   Thumb Code    18  stm32f4xx_tim.o(.text)
    TIM_ITRxExternalClockConfig              0x08001815   Thumb Code    24  stm32f4xx_tim.o(.text)
    TIM_TIxExternalClockConfig               0x0800182d   Thumb Code    62  stm32f4xx_tim.o(.text)
    TIM_ETRConfig                            0x0800186b   Thumb Code    28  stm32f4xx_tim.o(.text)
    TIM_ETRClockMode1Config                  0x08001887   Thumb Code    54  stm32f4xx_tim.o(.text)
    TIM_ETRClockMode2Config                  0x080018bd   Thumb Code    32  stm32f4xx_tim.o(.text)
    TIM_SelectOutputTrigger                  0x080018dd   Thumb Code    18  stm32f4xx_tim.o(.text)
    TIM_SelectSlaveMode                      0x080018ef   Thumb Code    18  stm32f4xx_tim.o(.text)
    TIM_SelectMasterSlaveMode                0x08001901   Thumb Code    18  stm32f4xx_tim.o(.text)
    TIM_EncoderInterfaceConfig               0x08001913   Thumb Code    66  stm32f4xx_tim.o(.text)
    TIM_SelectHallSensor                     0x08001955   Thumb Code    24  stm32f4xx_tim.o(.text)
    TIM_RemapConfig                          0x0800196d   Thumb Code     6  stm32f4xx_tim.o(.text)
    USART_DeInit                             0x08001975   Thumb Code   156  stm32f4xx_usart.o(.text)
    USART_Init                               0x08001a11   Thumb Code   204  stm32f4xx_usart.o(.text)
    USART_StructInit                         0x08001add   Thumb Code    24  stm32f4xx_usart.o(.text)
    USART_ClockInit                          0x08001af5   Thumb Code    32  stm32f4xx_usart.o(.text)
    USART_ClockStructInit                    0x08001b15   Thumb Code    12  stm32f4xx_usart.o(.text)
    USART_Cmd                                0x08001b21   Thumb Code    24  stm32f4xx_usart.o(.text)
    USART_SetPrescaler                       0x08001b39   Thumb Code    16  stm32f4xx_usart.o(.text)
    USART_OverSampling8Cmd                   0x08001b49   Thumb Code    22  stm32f4xx_usart.o(.text)
    USART_OneBitMethodCmd                    0x08001b5f   Thumb Code    24  stm32f4xx_usart.o(.text)
    USART_SendData                           0x08001b77   Thumb Code     8  stm32f4xx_usart.o(.text)
    USART_ReceiveData                        0x08001b7f   Thumb Code    10  stm32f4xx_usart.o(.text)
    USART_SetAddress                         0x08001b89   Thumb Code    18  stm32f4xx_usart.o(.text)
    USART_ReceiverWakeUpCmd                  0x08001b9b   Thumb Code    24  stm32f4xx_usart.o(.text)
    USART_WakeUpConfig                       0x08001bb3   Thumb Code    18  stm32f4xx_usart.o(.text)
    USART_LINBreakDetectLengthConfig         0x08001bc5   Thumb Code    18  stm32f4xx_usart.o(.text)
    USART_LINCmd                             0x08001bd7   Thumb Code    24  stm32f4xx_usart.o(.text)
    USART_SendBreak                          0x08001bef   Thumb Code    10  stm32f4xx_usart.o(.text)
    USART_HalfDuplexCmd                      0x08001bf9   Thumb Code    24  stm32f4xx_usart.o(.text)
    USART_SetGuardTime                       0x08001c11   Thumb Code    16  stm32f4xx_usart.o(.text)
    USART_SmartCardCmd                       0x08001c21   Thumb Code    24  stm32f4xx_usart.o(.text)
    USART_SmartCardNACKCmd                   0x08001c39   Thumb Code    24  stm32f4xx_usart.o(.text)
    USART_IrDAConfig                         0x08001c51   Thumb Code    18  stm32f4xx_usart.o(.text)
    USART_IrDACmd                            0x08001c63   Thumb Code    24  stm32f4xx_usart.o(.text)
    USART_DMACmd                             0x08001c7b   Thumb Code    18  stm32f4xx_usart.o(.text)
    USART_ITConfig                           0x08001c8d   Thumb Code    74  stm32f4xx_usart.o(.text)
    USART_GetFlagStatus                      0x08001cd7   Thumb Code    26  stm32f4xx_usart.o(.text)
    USART_ClearFlag                          0x08001cf1   Thumb Code    18  stm32f4xx_usart.o(.text)
    USART_GetITStatus                        0x08001d03   Thumb Code   110  stm32f4xx_usart.o(.text)
    USART_ClearITPendingBit                  0x08001d71   Thumb Code    30  stm32f4xx_usart.o(.text)
    ADC_DeInit                               0x08001d91   Thumb Code    22  stm32f4xx_adc.o(.text)
    ADC_Init                                 0x08001da7   Thumb Code    74  stm32f4xx_adc.o(.text)
    ADC_StructInit                           0x08001df1   Thumb Code    20  stm32f4xx_adc.o(.text)
    ADC_CommonInit                           0x08001e05   Thumb Code    34  stm32f4xx_adc.o(.text)
    ADC_CommonStructInit                     0x08001e27   Thumb Code    12  stm32f4xx_adc.o(.text)
    ADC_Cmd                                  0x08001e33   Thumb Code    22  stm32f4xx_adc.o(.text)
    ADC_AnalogWatchdogCmd                    0x08001e49   Thumb Code    16  stm32f4xx_adc.o(.text)
    ADC_AnalogWatchdogThresholdsConfig       0x08001e59   Thumb Code     6  stm32f4xx_adc.o(.text)
    ADC_AnalogWatchdogSingleChannelConfig    0x08001e5f   Thumb Code    16  stm32f4xx_adc.o(.text)
    ADC_TempSensorVrefintCmd                 0x08001e6f   Thumb Code    34  stm32f4xx_adc.o(.text)
    ADC_VBATCmd                              0x08001e91   Thumb Code    34  stm32f4xx_adc.o(.text)
    ADC_RegularChannelConfig                 0x08001eb3   Thumb Code   184  stm32f4xx_adc.o(.text)
    ADC_SoftwareStartConv                    0x08001f6b   Thumb Code    10  stm32f4xx_adc.o(.text)
    ADC_GetSoftwareStartConvStatus           0x08001f75   Thumb Code    20  stm32f4xx_adc.o(.text)
    ADC_EOCOnEachRegularChannelCmd           0x08001f89   Thumb Code    22  stm32f4xx_adc.o(.text)
    ADC_ContinuousModeCmd                    0x08001f9f   Thumb Code    22  stm32f4xx_adc.o(.text)
    ADC_DiscModeChannelCountConfig           0x08001fb5   Thumb Code    24  stm32f4xx_adc.o(.text)
    ADC_DiscModeCmd                          0x08001fcd   Thumb Code    22  stm32f4xx_adc.o(.text)
    ADC_GetConversionValue                   0x08001fe3   Thumb Code     8  stm32f4xx_adc.o(.text)
    ADC_GetMultiModeConversionValue          0x08001feb   Thumb Code     8  stm32f4xx_adc.o(.text)
    ADC_DMACmd                               0x08001ff3   Thumb Code    22  stm32f4xx_adc.o(.text)
    ADC_DMARequestAfterLastTransferCmd       0x08002009   Thumb Code    22  stm32f4xx_adc.o(.text)
    ADC_MultiModeDMARequestAfterLastTransferCmd 0x0800201f   Thumb Code    34  stm32f4xx_adc.o(.text)
    ADC_InjectedChannelConfig                0x08002041   Thumb Code   130  stm32f4xx_adc.o(.text)
    ADC_InjectedSequencerLengthConfig        0x080020c3   Thumb Code    24  stm32f4xx_adc.o(.text)
    ADC_SetInjectedOffset                    0x080020db   Thumb Code    20  stm32f4xx_adc.o(.text)
    ADC_ExternalTrigInjectedConvConfig       0x080020ef   Thumb Code    16  stm32f4xx_adc.o(.text)
    ADC_ExternalTrigInjectedConvEdgeConfig   0x080020ff   Thumb Code    16  stm32f4xx_adc.o(.text)
    ADC_SoftwareStartInjectedConv            0x0800210f   Thumb Code    10  stm32f4xx_adc.o(.text)
    ADC_GetSoftwareStartInjectedConvCmdStatus 0x08002119   Thumb Code    20  stm32f4xx_adc.o(.text)
    ADC_AutoInjectedConvCmd                  0x0800212d   Thumb Code    22  stm32f4xx_adc.o(.text)
    ADC_InjectedDiscModeCmd                  0x08002143   Thumb Code    22  stm32f4xx_adc.o(.text)
    ADC_GetInjectedConversionValue           0x08002159   Thumb Code    28  stm32f4xx_adc.o(.text)
    ADC_ITConfig                             0x08002175   Thumb Code    56  stm32f4xx_adc.o(.text)
    ADC_GetFlagStatus                        0x080021ad   Thumb Code    18  stm32f4xx_adc.o(.text)
    ADC_ClearFlag                            0x080021bf   Thumb Code     6  stm32f4xx_adc.o(.text)
    ADC_GetITStatus                          0x080021c5   Thumb Code    38  stm32f4xx_adc.o(.text)
    ADC_ClearITPendingBit                    0x080021eb   Thumb Code    10  stm32f4xx_adc.o(.text)
    DMA_DeInit                               0x080021f5   Thumb Code   324  stm32f4xx_dma.o(.text)
    DMA_Init                                 0x08002339   Thumb Code    82  stm32f4xx_dma.o(.text)
    DMA_StructInit                           0x0800238b   Thumb Code    34  stm32f4xx_dma.o(.text)
    DMA_Cmd                                  0x080023ad   Thumb Code    22  stm32f4xx_dma.o(.text)
    DMA_PeriphIncOffsetSizeConfig            0x080023c3   Thumb Code    22  stm32f4xx_dma.o(.text)
    DMA_FlowControllerConfig                 0x080023d9   Thumb Code    22  stm32f4xx_dma.o(.text)
    DMA_SetCurrDataCounter                   0x080023ef   Thumb Code     4  stm32f4xx_dma.o(.text)
    DMA_GetCurrDataCounter                   0x080023f3   Thumb Code     8  stm32f4xx_dma.o(.text)
    DMA_DoubleBufferModeConfig               0x080023fb   Thumb Code    24  stm32f4xx_dma.o(.text)
    DMA_DoubleBufferModeCmd                  0x08002413   Thumb Code    22  stm32f4xx_dma.o(.text)
    DMA_MemoryTargetConfig                   0x08002429   Thumb Code    10  stm32f4xx_dma.o(.text)
    DMA_GetCurrentMemoryTarget               0x08002433   Thumb Code    20  stm32f4xx_dma.o(.text)
    DMA_GetCmdStatus                         0x08002447   Thumb Code    20  stm32f4xx_dma.o(.text)
    DMA_GetFIFOStatus                        0x0800245b   Thumb Code    12  stm32f4xx_dma.o(.text)
    DMA_GetFlagStatus                        0x08002467   Thumb Code    56  stm32f4xx_dma.o(.text)
    DMA_ClearFlag                            0x0800249f   Thumb Code    40  stm32f4xx_dma.o(.text)
    DMA_ITConfig                             0x080024c7   Thumb Code    58  stm32f4xx_dma.o(.text)
    DMA_GetITStatus                          0x08002501   Thumb Code    84  stm32f4xx_dma.o(.text)
    DMA_ClearITPendingBit                    0x08002555   Thumb Code    40  stm32f4xx_dma.o(.text)
    NVIC_Config                              0x0800259d   Thumb Code   178  led.o(.text)
    Relay_Init                               0x0800264f   Thumb Code    88  led.o(.text)
    LED_Init                                 0x080026a7   Thumb Code    56  led.o(.text)
    SystemInitUser                           0x080026df   Thumb Code    52  led.o(.text)
    Led_Driver                               0x08002713   Thumb Code   102  led.o(.text)
    Delay_1ms                                0x08002779   Thumb Code    30  led.o(.text)
    Delay_Nms                                0x08002797   Thumb Code    22  led.o(.text)
    Circle_Led                               0x080027ad   Thumb Code    46  led.o(.text)
    Timer_Init                               0x080027e9   Thumb Code    70  timer.o(.text)
    EPwm_Init                                0x0800282f   Thumb Code   280  timer.o(.text)
    TIM4_IRQHandler                          0x08002947   Thumb Code    54  timer.o(.text)
    Voltage_Storage                          0x0800297d   Thumb Code   414  timer.o(.text)
    TIM3_IRQHandler                          0x08002b1b   Thumb Code   422  timer.o(.text)
    EPwmSetup1                               0x08002cc1   Thumb Code     6  timer.o(.text)
    EPwmSetup2                               0x08002cc7   Thumb Code     8  timer.o(.text)
    EPwmSetup3                               0x08002ccf   Thumb Code     8  timer.o(.text)
    EPwmSetup4                               0x08002cd7   Thumb Code     8  timer.o(.text)
    EPwmRead                                 0x08002cdf   Thumb Code    64  timer.o(.text)
    Scib_Xmit                                0x08002d35   Thumb Code    28  usart.o(.text)
    Send_Datatest                            0x08002d51   Thumb Code    52  usart.o(.text)
    UART_SendDis                             0x08002d85   Thumb Code    86  usart.o(.text)
    UART_Send                                0x08002ddb   Thumb Code    72  usart.o(.text)
    Send_Data                                0x08002e23   Thumb Code   146  usart.o(.text)
    Send_VoltageAlert                        0x08002eb5   Thumb Code    40  usart.o(.text)
    Send_TimeOver                            0x08002edd   Thumb Code    40  usart.o(.text)
    Send_SingleSensor                        0x08002f05   Thumb Code    94  usart.o(.text)
    UART_SendSensor                          0x08002f63   Thumb Code   126  usart.o(.text)
    Sci_Init                                 0x080032db   Thumb Code    20  usart.o(.text)
    Scib_Msg                                 0x0800338b   Thumb Code    24  usart.o(.text)
    USART1_IRQHandler                        0x080033a3   Thumb Code   212  usart.o(.text)
    USART6_IRQHandler                        0x08003477   Thumb Code    40  usart.o(.text)
    USART3_IRQHandler                        0x0800349f   Thumb Code     2  usart.o(.text)
    UART4_IRQHandler                         0x080034a1   Thumb Code   316  usart.o(.text)
    USART2_IRQHandler                        0x080035dd   Thumb Code    34  usart.o(.text)
    DataInter_Pc                             0x080035ff   Thumb Code   164  usart.o(.text)
    DataInter_AHRS                           0x080036a3   Thumb Code    58  usart.o(.text)
    fputc                                    0x080036dd   Thumb Code    32  usart.o(.text)
    get_raw_acc                              0x08003745   Thumb Code    16  imu_data_decode.o(.text)
    get_raw_gyo                              0x08003755   Thumb Code    16  imu_data_decode.o(.text)
    get_raw_mag                              0x08003765   Thumb Code    16  imu_data_decode.o(.text)
    get_eular                                0x08003775   Thumb Code    14  imu_data_decode.o(.text)
    get_quat                                 0x08003783   Thumb Code    16  imu_data_decode.o(.text)
    get_id                                   0x08003793   Thumb Code    12  imu_data_decode.o(.text)
    imu_data_decode_init                     0x080038fd   Thumb Code    14  imu_data_decode.o(.text)
    Packet_CreatePing                        0x0800396d   Thumb Code    26  packet.o(.text)
    Packet_CreatePingAck                     0x08003987   Thumb Code    94  packet.o(.text)
    Packet_Begin                             0x080039e5   Thumb Code    28  packet.o(.text)
    Packet_AddData                           0x08003a01   Thumb Code    32  packet.o(.text)
    Packet_Final                             0x08003a21   Thumb Code    78  packet.o(.text)
    Packet_DecodeInit                        0x08003a6f   Thumb Code    24  packet.o(.text)
    Packet_Decode                            0x08003a87   Thumb Code   402  packet.o(.text)
    Para_Init                                0x08003c35   Thumb Code    92  common.o(.text)
    Store_PcData                             0x08003c91   Thumb Code    30  common.o(.text)
    Store_SensorData                         0x08003caf   Thumb Code   266  common.o(.text)
    Set_PID                                  0x08003ddd   Thumb Code   400  motor.o(.text)
    SingleMotor_Control                      0x08003fd3   Thumb Code   246  motor.o(.text)
    TotalMotor_Control                       0x080040c9   Thumb Code    84  motor.o(.text)
    XiangyangParastore                       0x08004131   Thumb Code    84  motor.o(.text)
    Motion_Type                              0x08004185   Thumb Code   204  motor.o(.text)
    MOTOR_STOP                               0x08004251   Thumb Code    72  motor.o(.text)
    Store_Data                               0x080042db   Thumb Code   544  motor.o(.text)
    Store_Data1                              0x08004513   Thumb Code   536  motor.o(.text)
    Motion_Control                           0x08004d45   Thumb Code   100  motor.o(.text)
    Store_Data2                              0x08004e09   Thumb Code   600  motor.o(.text)
    Motor_InitSet                            0x08005061   Thumb Code    28  motor.o(.text)
    Motor14_RelayOn                          0x0800507d   Thumb Code    12  motor.o(.text)
    Motor23_RelayOn                          0x08005089   Thumb Code    14  motor.o(.text)
    spacecontrol1                            0x080050c5   Thumb Code     2  slidingmode.o(.text)
    spacecontrol2                            0x080050c7   Thumb Code     2  slidingmode.o(.text)
    Set_SlidingPara                          0x080050c9   Thumb Code   102  slidingmode.o(.text)
    ADC3_Init                                0x080051b7   Thumb Code   244  adc.o(.text)
    ADC_GPIO_Configuration                   0x080052ab   Thumb Code    56  adc.o(.text)
    USER_ADC_Init                            0x080052e3   Thumb Code    16  adc.o(.text)
    PC_ReadVol                               0x080052f3   Thumb Code   114  adc.o(.text)
    TIM2_Configuration                       0x08005365   Thumb Code    44  adc.o(.text)
    __aeabi_memcpy                           0x080053b1   Thumb Code    36  memcpya.o(.text)
    __aeabi_memcpy4                          0x080053b1   Thumb Code     0  memcpya.o(.text)
    __aeabi_memcpy8                          0x080053b1   Thumb Code     0  memcpya.o(.text)
    __aeabi_memset                           0x080053d5   Thumb Code    14  memseta.o(.text)
    __aeabi_memset4                          0x080053d5   Thumb Code     0  memseta.o(.text)
    __aeabi_memset8                          0x080053d5   Thumb Code     0  memseta.o(.text)
    __aeabi_memclr                           0x080053e3   Thumb Code     4  memseta.o(.text)
    __aeabi_memclr4                          0x080053e3   Thumb Code     0  memseta.o(.text)
    __aeabi_memclr8                          0x080053e3   Thumb Code     0  memseta.o(.text)
    _memset$wrapper                          0x080053e7   Thumb Code    18  memseta.o(.text)
    __aeabi_dmul                             0x080053f9   Thumb Code   228  dmul.o(.text)
    __aeabi_ddiv                             0x080054dd   Thumb Code   222  ddiv.o(.text)
    __aeabi_ui2d                             0x080055bb   Thumb Code    26  dfltui.o(.text)
    __aeabi_f2d                              0x080055d5   Thumb Code    38  f2d.o(.text)
    __aeabi_cdrcmple                         0x080055fd   Thumb Code    48  cdrcmple.o(.text)
    __aeabi_d2f                              0x0800562d   Thumb Code    56  d2f.o(.text)
    __strtod_int                             0x0800569b   Thumb Code    90  strtod.o(.text)
    __I$use$fp                               0x08005701   Thumb Code     0  iusefp.o(.text)
    _float_round                             0x08005701   Thumb Code    18  fepilogue.o(.text)
    _float_epilogue                          0x08005713   Thumb Code    92  fepilogue.o(.text)
    _double_round                            0x0800576f   Thumb Code    30  depilogue.o(.text)
    _double_epilogue                         0x0800578d   Thumb Code   156  depilogue.o(.text)
    __scatterload                            0x08005829   Thumb Code    28  init.o(.text)
    __scatterload_rt2                        0x08005829   Thumb Code     0  init.o(.text)
    __aeabi_llsl                             0x0800584d   Thumb Code    30  llshl.o(.text)
    _ll_shift_l                              0x0800584d   Thumb Code     0  llshl.o(.text)
    __aeabi_llsr                             0x0800586b   Thumb Code    32  llushr.o(.text)
    _ll_ushift_r                             0x0800586b   Thumb Code     0  llushr.o(.text)
    isspace                                  0x0800588b   Thumb Code    10  isspace_c.o(.text)
    _scanf_real                              0x080059bd   Thumb Code     0  scanf_fp.o(.text)
    _scanf_really_real                       0x080059bd   Thumb Code   556  scanf_fp.o(.text)
    _sgetc                                   0x08005bf5   Thumb Code    30  _sgetc.o(.text)
    _sbackspace                              0x08005c13   Thumb Code    34  _sgetc.o(.text)
    __ctype_lookup                           0x08005c35   Thumb Code    34  ctype_c.o(.text)
    __aeabi_ul2d                             0x08005c5d   Thumb Code    24  dfltul.o(.text)
    __hardfp_atof                            0x08005c79   Thumb Code    44  atof.o(i.__hardfp_atof)
    __read_errno                             0x08005cb1   Thumb Code     6  errno.o(i.__read_errno)
    __scatterload_copy                       0x08005cbd   Thumb Code    14  handlers.o(i.__scatterload_copy)
    __scatterload_null                       0x08005ccb   Thumb Code     2  handlers.o(i.__scatterload_null)
    __scatterload_zeroinit                   0x08005ccd   Thumb Code    14  handlers.o(i.__scatterload_zeroinit)
    __set_errno                              0x08005cdd   Thumb Code     6  errno.o(i.__set_errno)
    _is_digit                                0x08005ce9   Thumb Code    14  scanf_fp.o(i._is_digit)
    rotorD1                                  0x08005cf6   Data           4  motor.o(.constdata)
    rotorD2                                  0x08005cfa   Data           4  motor.o(.constdata)
    __ctype_categories                       0x08005cfe   Data          64  ctype_c.o(.constdata)
    Region$$Table$$Base                      0x08005d40   Number         0  anon$$obj.o(Region$$Table)
    Region$$Table$$Limit                     0x08005d60   Number         0  anon$$obj.o(Region$$Table)
    SystemCoreClock                          0x20000000   Data           4  system_stm32f4xx.o(.data)
    AHBPrescTable                            0x20000004   Data          16  system_stm32f4xx.o(.data)
    ID                                       0x20000014   Data           1  main.o(.data)
    Acc                                      0x20000016   Data           6  main.o(.data)
    Gyo                                      0x2000001c   Data           6  main.o(.data)
    Mag                                      0x20000022   Data           6  main.o(.data)
    Pressure                                 0x20000028   Data           4  main.o(.data)
    gl_flag                                  0x2000002c   Data           1  main.o(.data)
    Motor_Init                               0x2000002d   Data           4  main.o(.data)
    Control_Time                             0x20000031   Data           1  main.o(.data)
    gl_TimeFlag                              0x20000032   Data           5  main.o(.data)
    gl_Dis                                   0x20000037   Data           2  main.o(.data)
    depth                                    0x2000003c   Data           4  main.o(.data)
    gl_MotionFlag                            0x20000040   Data           1  main.o(.data)
    SPI_Tx_Buffer                            0x20000042   Data          20  main.o(.data)
    SPI_Rx_Buffer                            0x20000056   Data          20  main.o(.data)
    gl_FlagMotionCycle                       0x2000006a   Data           2  main.o(.data)
    AHRS_RX_Flag                             0x2000006c   Data           2  main.o(.data)
    PC_RX_Flag                               0x2000006e   Data           2  main.o(.data)
    AUV_State                                0x20000070   Data           2  main.o(.data)
    Last_AUV_State                           0x20000072   Data           2  main.o(.data)
    number                                   0x200000b8   Data           4  motor.o(.data)
    speed                                    0x200000bc   Data           4  motor.o(.data)
    motion                                   0x200000c0   Data           4  motor.o(.data)
    error_sum                                0x200000c4   Data           4  motor.o(.data)
    debug                                    0x200000c8   Data           4  motor.o(.data)
    Ref_Yaw                                  0x200000cc   Data           4  motor.o(.data)
    Ref_Speed                                0x200000d0   Data           2  motor.o(.data)
    Ref_Depth                                0x200000d2   Data           2  motor.o(.data)
    Voltage                                  0x200000e0   Data           4  adc.o(.data)
    uAD_Buff_A                               0x200000e4   Data           2  adc.o(.data)
    uAD_Buff_B                               0x200000e6   Data           2  adc.o(.data)
    CurrentBuffPtr                           0x200000e8   Data           2  adc.o(.data)
    Eular                                    0x200000f0   Data          12  main.o(.bss)
    Quat                                     0x200000fc   Data          16  main.o(.bss)
    gl_jsflag                                0x2000010c   Data          10  main.o(.bss)
    Depth_Buff                               0x20000116   Data          20  main.o(.bss)
    Buff_Real                                0x2000012a   Data          20  main.o(.bss)
    Buff_Total                               0x2000013e   Data        4000  main.o(.bss)
    gl_TempFlag                              0x200010de   Data          10  main.o(.bss)
    AHRS_Data                                0x200010e8   Data          48  main.o(.bss)
    Force                                    0x20001118   Data          16  main.o(.bss)
    KP                                       0x20001128   Data          12  main.o(.bss)
    KI                                       0x20001134   Data          12  main.o(.bss)
    KD                                       0x20001140   Data          12  main.o(.bss)
    PC_Rx_Buffer                             0x2000114c   Data         200  main.o(.bss)
    AHRS_Rx_Buffer                           0x20001214   Data         200  main.o(.bss)
    Real_PcBuff                              0x200012dc   Data         200  main.o(.bss)
    Real_AHRSBuff                            0x200013a4   Data         200  main.o(.bss)
    sliding_para                             0x20001514   Data          24  slidingmode.o(.bss)
    T                                        0x2000152c   Data          16  slidingmode.o(.bss)
    __initial_sp                             0x20001940   Data           0  startup_stm32f4xx.o(STACK)



==============================================================================

Memory Map of the image

  Image Entry point : 0x08000189

  Load Region LR_IROM1 (Base: 0x08000000, Size: 0x00005e50, Max: 0x00100000, ABSOLUTE)

    Execution Region ER_IROM1 (Exec base: 0x08000000, Load base: 0x08000000, Size: 0x00005d60, Max: 0x00100000, ABSOLUTE)

    Exec Addr    Load Addr    Size         Type   Attr      Idx    E Section Name        Object

    0x08000000   0x08000000   0x00000188   Data   RO           97    RESET               startup_stm32f4xx.o
    0x08000188   0x08000188   0x00000000   Code   RO          781  * .ARM.Collect$$$$00000000  mc_w.l(entry.o)
    0x08000188   0x08000188   0x00000004   Code   RO         1062    .ARM.Collect$$$$00000001  mc_w.l(entry2.o)
    0x0800018c   0x0800018c   0x00000004   Code   RO         1065    .ARM.Collect$$$$00000004  mc_w.l(entry5.o)
    0x08000190   0x08000190   0x00000000   Code   RO         1067    .ARM.Collect$$$$00000008  mc_w.l(entry7b.o)
    0x08000190   0x08000190   0x00000000   Code   RO         1069    .ARM.Collect$$$$0000000A  mc_w.l(entry8b.o)
    0x08000190   0x08000190   0x00000008   Code   RO         1070    .ARM.Collect$$$$0000000B  mc_w.l(entry9a.o)
    0x08000198   0x08000198   0x00000000   Code   RO         1072    .ARM.Collect$$$$0000000D  mc_w.l(entry10a.o)
    0x08000198   0x08000198   0x00000000   Code   RO         1074    .ARM.Collect$$$$0000000F  mc_w.l(entry11a.o)
    0x08000198   0x08000198   0x00000004   Code   RO         1063    .ARM.Collect$$$$00002712  mc_w.l(entry2.o)
    0x0800019c   0x0800019c   0x00000210   Code   RO            4    .text               system_stm32f4xx.o
    0x080003ac   0x080003ac   0x00000024   Code   RO           98    .text               startup_stm32f4xx.o
    0x080003d0   0x080003d0   0x00000020   Code   RO          105    .text               main.o
    0x080003f0   0x080003f0   0x0000001a   Code   RO          188    .text               stm32f4xx_it.o
    0x0800040a   0x0800040a   0x00000002   PAD
    0x0800040c   0x0800040c   0x000000e0   Code   RO          215    .text               misc.o
    0x080004ec   0x080004ec   0x0000025c   Code   RO          287    .text               stm32f4xx_gpio.o
    0x08000748   0x08000748   0x00000588   Code   RO          338    .text               stm32f4xx_rcc.o
    0x08000cd0   0x08000cd0   0x00000ca2   Code   RO          388    .text               stm32f4xx_tim.o
    0x08001972   0x08001972   0x00000002   PAD
    0x08001974   0x08001974   0x0000041a   Code   RO          412    .text               stm32f4xx_usart.o
    0x08001d8e   0x08001d8e   0x00000002   PAD
    0x08001d90   0x08001d90   0x00000464   Code   RO          460    .text               stm32f4xx_adc.o
    0x080021f4   0x080021f4   0x000003a8   Code   RO          484    .text               stm32f4xx_dma.o
    0x0800259c   0x0800259c   0x0000024c   Code   RO          508    .text               led.o
    0x080027e8   0x080027e8   0x0000054c   Code   RO          564    .text               timer.o
    0x08002d34   0x08002d34   0x00000a10   Code   RO          589    .text               usart.o
    0x08003744   0x08003744   0x000001ec   Code   RO          611    .text               imu_data_decode.o
    0x08003930   0x08003930   0x00000304   Code   RO          636    .text               packet.o
    0x08003c34   0x08003c34   0x000001a8   Code   RO          665    .text               common.o
    0x08003ddc   0x08003ddc   0x000012e8   Code   RO          689    .text               motor.o
    0x080050c4   0x080050c4   0x00000074   Code   RO          717    .text               slidingmode.o
    0x08005138   0x08005138   0x00000278   Code   RO          748    .text               adc.o
    0x080053b0   0x080053b0   0x00000024   Code   RO          784    .text               mc_w.l(memcpya.o)
    0x080053d4   0x080053d4   0x00000024   Code   RO          786    .text               mc_w.l(memseta.o)
    0x080053f8   0x080053f8   0x000000e4   Code   RO         1050    .text               mf_w.l(dmul.o)
    0x080054dc   0x080054dc   0x000000de   Code   RO         1052    .text               mf_w.l(ddiv.o)
    0x080055ba   0x080055ba   0x0000001a   Code   RO         1054    .text               mf_w.l(dfltui.o)
    0x080055d4   0x080055d4   0x00000026   Code   RO         1056    .text               mf_w.l(f2d.o)
    0x080055fa   0x080055fa   0x00000002   PAD
    0x080055fc   0x080055fc   0x00000030   Code   RO         1058    .text               mf_w.l(cdrcmple.o)
    0x0800562c   0x0800562c   0x00000038   Code   RO         1060    .text               mf_w.l(d2f.o)
    0x08005664   0x08005664   0x0000009c   Code   RO         1088    .text               mc_w.l(strtod.o)
    0x08005700   0x08005700   0x00000000   Code   RO         1090    .text               mc_w.l(iusefp.o)
    0x08005700   0x08005700   0x0000006e   Code   RO         1091    .text               mf_w.l(fepilogue.o)
    0x0800576e   0x0800576e   0x000000ba   Code   RO         1093    .text               mf_w.l(depilogue.o)
    0x08005828   0x08005828   0x00000024   Code   RO         1099    .text               mc_w.l(init.o)
    0x0800584c   0x0800584c   0x0000001e   Code   RO         1101    .text               mc_w.l(llshl.o)
    0x0800586a   0x0800586a   0x00000020   Code   RO         1103    .text               mc_w.l(llushr.o)
    0x0800588a   0x0800588a   0x0000000a   Code   RO         1107    .text               mc_w.l(isspace_c.o)
    0x08005894   0x08005894   0x00000360   Code   RO         1109    .text               mc_w.l(scanf_fp.o)
    0x08005bf4   0x08005bf4   0x00000040   Code   RO         1113    .text               mc_w.l(_sgetc.o)
    0x08005c34   0x08005c34   0x00000028   Code   RO         1115    .text               mc_w.l(ctype_c.o)
    0x08005c5c   0x08005c5c   0x00000018   Code   RO         1118    .text               mf_w.l(dfltul.o)
    0x08005c74   0x08005c74   0x00000004   PAD
    0x08005c78   0x08005c78   0x00000038   Code   RO          775    i.__hardfp_atof     m_wm.l(atof.o)
    0x08005cb0   0x08005cb0   0x0000000c   Code   RO         1082    i.__read_errno      mc_w.l(errno.o)
    0x08005cbc   0x08005cbc   0x0000000e   Code   RO         1122    i.__scatterload_copy  mc_w.l(handlers.o)
    0x08005cca   0x08005cca   0x00000002   Code   RO         1123    i.__scatterload_null  mc_w.l(handlers.o)
    0x08005ccc   0x08005ccc   0x0000000e   Code   RO         1124    i.__scatterload_zeroinit  mc_w.l(handlers.o)
    0x08005cda   0x08005cda   0x00000002   PAD
    0x08005cdc   0x08005cdc   0x0000000c   Code   RO         1083    i.__set_errno       mc_w.l(errno.o)
    0x08005ce8   0x08005ce8   0x0000000e   Code   RO         1111    i._is_digit         mc_w.l(scanf_fp.o)
    0x08005cf6   0x08005cf6   0x00000008   Data   RO          690    .constdata          motor.o
    0x08005cfe   0x08005cfe   0x00000040   Data   RO         1116    .constdata          mc_w.l(ctype_c.o)
    0x08005d3e   0x08005d3e   0x00000002   PAD
    0x08005d40   0x08005d40   0x00000020   Data   RO         1120    Region$$Table       anon$$obj.o


    Execution Region RW_IRAM1 (Exec base: 0x20000000, Load base: 0x08005d60, Size: 0x00001940, Max: 0x00020000, ABSOLUTE)

    Exec Addr    Load Addr    Size         Type   Attr      Idx    E Section Name        Object

    0x20000000   0x08005d60   0x00000014   Data   RW            5    .data               system_stm32f4xx.o
    0x20000014   0x08005d74   0x00000060   Data   RW          107    .data               main.o
    0x20000074   0x08005dd4   0x00000010   Data   RW          339    .data               stm32f4xx_rcc.o
    0x20000084   0x08005de4   0x00000001   Data   RW          565    .data               timer.o
    0x20000085   0x08005de5   0x00000001   PAD
    0x20000086   0x08005de6   0x0000000a   Data   RW          590    .data               usart.o
    0x20000090   0x08005df0   0x00000013   Data   RW          613    .data               imu_data_decode.o
    0x200000a3   0x08005e03   0x00000001   PAD
    0x200000a4   0x08005e04   0x00000011   Data   RW          637    .data               packet.o
    0x200000b5   0x08005e15   0x00000003   PAD
    0x200000b8   0x08005e18   0x00000027   Data   RW          691    .data               motor.o
    0x200000df   0x08005e3f   0x00000001   PAD
    0x200000e0   0x08005e40   0x0000000a   Data   RW          749    .data               adc.o
    0x200000ea   0x08005e4a   0x00000002   PAD
    0x200000ec   0x08005e4c   0x00000004   Data   RW         1084    .data               mc_w.l(errno.o)
    0x200000f0        -       0x0000137c   Zero   RW          106    .bss                main.o
    0x2000146c        -       0x000000a8   Zero   RW          612    .bss                imu_data_decode.o
    0x20001514        -       0x00000028   Zero   RW          718    .bss                slidingmode.o
    0x2000153c   0x08005e50   0x00000004   PAD
    0x20001540        -       0x00000400   Zero   RW           95    STACK               startup_stm32f4xx.o


==============================================================================

Image component sizes


      Code (inc. data)   RO Data    RW Data    ZI Data      Debug   Object Name

       632         32          0         10          0       2206   adc.o
       424         36          0          0          0       1330   common.o
       492         38          0         19        168       2813   imu_data_decode.o
       588         14          0          0          0       3832   led.o
        32          4          0         96       4988       4524   main.o
       224         20          0          0          0       1969   misc.o
      4840        350          8         39          0       6861   motor.o
       772         36          0         17          0       3770   packet.o
       116         10          0          0         40       1558   slidingmode.o
        36          8        392          0       1024        920   startup_stm32f4xx.o
      1124         24          0          0          0      10834   stm32f4xx_adc.o
       936         32          0          0          0       6537   stm32f4xx_dma.o
       604         36          0          0          0       4277   stm32f4xx_gpio.o
        26          0          0          0          0       1234   stm32f4xx_it.o
      1416         48          0         16          0      11219   stm32f4xx_rcc.o
      3234         60          0          0          0      23160   stm32f4xx_tim.o
      1050         26          0          0          0       8004   stm32f4xx_usart.o
       528         46          0         20          0     287499   system_stm32f4xx.o
      1356        138          0          1          0       2664   timer.o
      2576        194          0         10          0       5786   usart.o

    ----------------------------------------------------------------------
     21012       1152        432        236       6224     390997   Object Totals
         0          0         32          0          0          0   (incl. Generated)
         6          0          0          8          4          0   (incl. Padding)

    ----------------------------------------------------------------------

      Code (inc. data)   RO Data    RW Data    ZI Data      Debug   Library Member Name

        56         12          0          0          0        132   atof.o
        64          0          0          0          0         84   _sgetc.o
        40          6         64          0          0         68   ctype_c.o
         0          0          0          0          0          0   entry.o
         0          0          0          0          0          0   entry10a.o
         0          0          0          0          0          0   entry11a.o
         8          4          0          0          0          0   entry2.o
         4          0          0          0          0          0   entry5.o
         0          0          0          0          0          0   entry7b.o
         0          0          0          0          0          0   entry8b.o
         8          4          0          0          0          0   entry9a.o
        24         12          0          4          0        136   errno.o
        30          0          0          0          0          0   handlers.o
        36          8          0          0          0         68   init.o
        10          0          0          0          0         68   isspace_c.o
         0          0          0          0          0          0   iusefp.o
        30          0          0          0          0         68   llshl.o
        32          0          0          0          0         68   llushr.o
        36          0          0          0          0         68   memcpya.o
        36          0          0          0          0        108   memseta.o
       878         12          0          0          0        216   scanf_fp.o
       156         12          0          0          0        120   strtod.o
        48          0          0          0          0         68   cdrcmple.o
        56          0          0          0          0         88   d2f.o
       222          0          0          0          0        100   ddiv.o
       186          0          0          0          0        176   depilogue.o
        26          0          0          0          0         76   dfltui.o
        24          0          0          0          0         76   dfltul.o
       228          0          0          0          0         96   dmul.o
        38          0          0          0          0         68   f2d.o
       110          0          0          0          0        168   fepilogue.o

    ----------------------------------------------------------------------
      2394         70         66          4          0       2120   Library Totals
         8          0          2          0          0          0   (incl. Padding)

    ----------------------------------------------------------------------

      Code (inc. data)   RO Data    RW Data    ZI Data      Debug   Library Name

        56         12          0          0          0        132   m_wm.l
      1392         58         64          4          0       1072   mc_w.l
       938          0          0          0          0        916   mf_w.l

    ----------------------------------------------------------------------
      2394         70         66          4          0       2120   Library Totals

    ----------------------------------------------------------------------

==============================================================================


      Code (inc. data)   RO Data    RW Data    ZI Data      Debug   

     23406       1222        498        240       6224     388085   Grand Totals
     23406       1222        498        240       6224     388085   ELF Image Totals
     23406       1222        498        240          0          0   ROM Totals

==============================================================================

    Total RO  Size (Code + RO Data)                23904 (  23.34kB)
    Total RW  Size (RW Data + ZI Data)              6464 (   6.31kB)
    Total ROM Size (Code + RO Data + RW Data)      24144 (  23.58kB)

==============================================================================

